Microchip MPLAB XC8 Compiler V3.00

Linker command line:

-W-3 \
  --edf=C:\Program Files\Microchip\xc8\v3.00\pic\dat\20241204225717_en.msgs \
  -cn -h+dist/default/production\MAX7219_test.X.production.sym \
  --cmf=dist/default/production\MAX7219_test.X.production.cmf -z -Q18F4520 \
  -oC:\Users\willi\AppData\Local\Temp\xcAsj1k.\driver_tmp_3.o \
  --defsym=__MPLAB_BUILD=1 --fixupoverflow=error \
  -Mdist/default/production/MAX7219_test.X.production.map \
  --md=C:\Users\willi\AppData\Local\Temp\xcAsj1k.\driver_tmp_0.dat -E1 \
  -ver=XC8 Compiler -ACODE=00h-07FFFh -ACONST=00h-07FFFh \
  -ASMALLCONST=0600h-06FFhx122 -AMEDIUMCONST=0600h-07FFFh -ACOMRAM=01h-07Fh \
  -AABS1=00h-05FFh -ABIGRAM=01h-05FFh -ARAM=080h-0FFh,0100h-01FFhx5 \
  -ABANK0=080h-0FFh -ABANK1=0100h-01FFh -ABANK2=0200h-02FFh \
  -ABANK3=0300h-03FFh -ABANK4=0400h-04FFh -ABANK5=0500h-05FFh \
  -ASFR=0F80h-0FFFh -ABIGSFR=0F80h-0FFFh -ACONFIG=0300000h-030000Dh \
  -AIDLOC=0200000h-0200007h -AEEDATA=0F00000h-0F000FFh -peeprom_data=EEDATA \
  -preset_vec=00h,intcode=8h,intcodelo=18h,sivt_lo,sivt_hi=CODE \
  -ppowerup=CODE,init -pramtop=0600h -psmallconst=SMALLCONST \
  -pmediumconst=MEDIUMCONST -pconst=CONST -AFARRAM=00h-00h \
  -prdata=COMRAM,nvrram=COMRAM,nvbit=COMRAM,rbss=COMRAM,rbit=COMRAM \
  -pfarbss=FARRAM,fardata=FARRAM,nvFARRAM=FARRAM \
  -pintsave_regs=BIGRAM,bigbss=BIGRAM,bigdata=BIGRAM -pbss=RAM \
  -pidata=CODE,irdata=CODE,ibigdata=CODE,ifardata=CODE -prparam=COMRAM \
  C:\Users\willi\AppData\Local\Temp\xcAsj1k.\driver_tmp_9.o \
  dist/default/production\MAX7219_test.X.production.o 

Object code version is 3.11

Machine type is 18F4520



                Name                               Link     Load   Length Selector   Space Scale
C:\Users\willi\AppData\Local\Temp\xcAsj1k.\driver_tmp_9.o
                idloc                            200000   200000        8        0       5
                config                           300000   300000        E        0       4
                init                                 9A       9A        4        C       0
                reset_vec                             0        0        4        0       0
dist/default/production\MAX7219_test.X.production.o
                intcodelo                            18       18       82        C       0
                idloc                            200000   200000        8        0       5
                config                           300000   300000        E        0       4
                temp                                 74       74        1        1       1
                smallconst                          600      600       1C      300       0
                text46                             2CC4     2CC4        2      30E       0
                text45                             2320     2320       AE      30E       0
                text44                             2A74     2A74       56      30E       0
                text43                             2722     2722       76      30E       0
                text42                              A5E      A5E      1F8      30E       0
                text41                             18FA     18FA      138      30E       0
                text40                             2954     2954       6A      30E       0
                text39                             28E8     28E8       6C      30E       0
                text38                             258E     258E       90      30E       0
                text37                             1B64     1B64      12E      30E       0
                text36                             14E4     14E4      178      30E       0
                text35                             2BE4     2BE4       38      30E       0
                text34                             21A6     21A6       CA      30E       0
                text33                             1EBC     1EBC      112      30E       0
                text32                             261E     261E       8C      30E       0
                text31                             2C1C     2C1C       2C      30E       0
                text30                             2CA2     2CA2       12      30E       0
                text29                             2C7A     2C7A       16      30E       0
                text28                             11CA     11CA      1A0      30E       0
                text26                             29BE     29BE       5C      30E       0
                text25                             2B62     2B62       48      30E       0
                text24                             2798     2798       74      30E       0
                text23                             2C64     2C64       16      30E       0
                text22                             2270     2270       B0      30E       0
                text21                             2A1A     2A1A       5A      30E       0
                text20                             26AA     26AA       78      30E       0
                text19                              61C      61C      22E      30E       0
                text18                             17C0     17C0      13A      30E       0
                text17                             287C     287C       6C      30E       0
                text16                             280C     280C       70      30E       0
                text15                             246C     246C       92      30E       0
                text14                             1A32     1A32      132      30E       0
                text13                             136A     136A      17A      30E       0
                text12                             2BAA     2BAA       3A      30E       0
                text11                             20DA     20DA       CC      30E       0
                text10                             1DA8     1DA8      114      30E       0
                text9                              24FE     24FE       90      30E       0
                text8                               C56      C56      1EC      30E       0
                text7                               84A      84A      214      30E       0
                text6                               E42      E42      1DE      30E       0
                text5                              2B1A     2B1A       48      30E       0
                text4                              1FCE     1FCE      10C      30E       0
                text3                              1020     1020      1AA      30E       0
                text2                              2C48     2C48       1C      30E       0
                text1                              165C     165C      164      30E       0
                text0                              1C92     1C92      116      30E       0
                cstackCOMRAM                          1        1       41        1       1
                cstackBANK0                          D0       D0       26       80       1
                cstackBANK1                         1E0      1E0        B      100       1
                bssBANK2                            200      200       80      200       1
                dataBANK1                           1D0      1D0       10      100       1
                bssBANK1                            100      100       D0      100       1
                dataBANK0                            80       80       50       80       1
                bssBANK0                             F6       F6        7       80       1
                dataCOMRAM                           62       62       12        1       1
                bssCOMRAM                            42       42       20        1       1
                cinit                              23CE     23CE       9E      30E       0
                idataBANK1                         2CB4     2CB4       10      30E       0
                idataBANK0                         2ACA     2ACA       50      30E       0
                idataCOMRAM                        2C90     2C90       12      30E       0

TOTAL           Name                               Link     Load   Length     Space
        CLASS   CODE           
                intcodelo                            18       18       82         0
                init                                 9A       9A        4         0
                reset_vec                             0        0        4         0
                text46                             2CC4     2CC4        2         0
                text45                             2320     2320       AE         0
                text44                             2A74     2A74       56         0
                text43                             2722     2722       76         0
                text42                              A5E      A5E      1F8         0
                text41                             18FA     18FA      138         0
                text40                             2954     2954       6A         0
                text39                             28E8     28E8       6C         0
                text38                             258E     258E       90         0
                text37                             1B64     1B64      12E         0
                text36                             14E4     14E4      178         0
                text35                             2BE4     2BE4       38         0
                text34                             21A6     21A6       CA         0
                text33                             1EBC     1EBC      112         0
                text32                             261E     261E       8C         0
                text31                             2C1C     2C1C       2C         0
                text30                             2CA2     2CA2       12         0
                text29                             2C7A     2C7A       16         0
                text28                             11CA     11CA      1A0         0
                text26                             29BE     29BE       5C         0
                text25                             2B62     2B62       48         0
                text24                             2798     2798       74         0
                text23                             2C64     2C64       16         0
                text22                             2270     2270       B0         0
                text21                             2A1A     2A1A       5A         0
                text20                             26AA     26AA       78         0
                text19                              61C      61C      22E         0
                text18                             17C0     17C0      13A         0
                text17                             287C     287C       6C         0
                text16                             280C     280C       70         0
                text15                             246C     246C       92         0
                text14                             1A32     1A32      132         0
                text13                             136A     136A      17A         0
                text12                             2BAA     2BAA       3A         0
                text11                             20DA     20DA       CC         0
                text10                             1DA8     1DA8      114         0
                text9                              24FE     24FE       90         0
                text8                               C56      C56      1EC         0
                text7                               84A      84A      214         0
                text6                               E42      E42      1DE         0
                text5                              2B1A     2B1A       48         0
                text4                              1FCE     1FCE      10C         0
                text3                              1020     1020      1AA         0
                text2                              2C48     2C48       1C         0
                text1                              165C     165C      164         0
                text0                              1C92     1C92      116         0
                cinit                              23CE     23CE       9E         0
                idataBANK1                         2CB4     2CB4       10         0
                idataBANK0                         2ACA     2ACA       50         0
                idataCOMRAM                        2C90     2C90       12         0

        CLASS   CONST          

        CLASS   SMALLCONST     
                smallconst                          600      600       1C         0

        CLASS   MEDIUMCONST    

        CLASS   COMRAM         
                temp                                 74       74        1         1
                cstackCOMRAM                          1        1       41         1
                dataCOMRAM                           62       62       12         1
                bssCOMRAM                            42       42       20         1

        CLASS   ABS1           

        CLASS   BIGRAM         

        CLASS   RAM            

        CLASS   BANK0          
                cstackBANK0                          D0       D0       26         1
                dataBANK0                            80       80       50         1
                bssBANK0                             F6       F6        7         1

        CLASS   BANK1          
                cstackBANK1                         1E0      1E0        B         1
                dataBANK1                           1D0      1D0       10         1
                bssBANK1                            100      100       D0         1

        CLASS   BANK2          
                bssBANK2                            200      200       80         1

        CLASS   BANK3          

        CLASS   BANK4          

        CLASS   BANK5          

        CLASS   SFR            

        CLASS   BIGSFR         

        CLASS   CONFIG         
                config                           300000   300000        E         4

        CLASS   IDLOC          
                idloc                            200000   200000        8         5

        CLASS   EEDATA         

        CLASS   FARRAM         

        CLASS   HEAP           

        CLASS   STACK          



SEGMENTS        Name                           Load    Length   Top    Selector   Space  Class

                reset_vec                      000000  000004  000004         0       0  CODE    
                cstackCOMRAM                   000001  000074  000075         1       1  COMRAM  
                intcodelo                      000018  000086  00009E         C       0  CODE    
                dataBANK0                      000080  00007D  0000FD        80       1  BANK0   
                bssBANK1                       000100  0000EB  0001EB       100       1  BANK1   
                bssBANK2                       000200  000080  000280       200       1  BANK2   
                smallconst                     000600  00001C  00061C       300       0  SMALLCON
                text19                         00061C  0026AA  002CC6       30E       0  CODE    


UNUSED ADDRESS RANGES

        Name                Unused          Largest block    Delta
        BANK0            0000FD-0000FF                3
        BANK1            0001EB-0001FF               15
        BANK2            000280-0002FF               80
        BANK3            000300-0003FF              100
        BANK4            000400-0004FF              100
        BANK5            000500-0005FF              100
        BIGRAM           000075-00007F                B
                         0000FD-0000FF                3
                         0001EB-0001FF               15
                         000280-0005FF              380
        BIGSFR           000F80-000FFF               80
        CODE             000004-000017               14
                         00009E-0005FF              562
                         002CC6-007FFF             533A
        COMRAM           000075-00007F                B
        CONST            000004-000017               14
                         00009E-0005FF              562
                         002CC6-007FFF             533A
        EEDATA           F00000-F000FF              100
        MEDIUMCONST      002CC6-007FFF             533A
        RAM              0000FD-0000FF                3
                         0001EB-0001FF               15
                         000280-0005FF              100
        SFR              000F80-000FFF               80
        SMALLCONST       002CC6-007FFF              100

                                  Symbol Table

?___aldiv                                       cstackBANK0  0000D0
?___awmod                                       cstackBANK0  0000E2
?___lmul                                        cstackBANK0  0000D0
?_rand                                          cstackBANK0  0000DC
?i1___awmod                                     cstackCOMRAM 000013
?i1___lmul                                      cstackCOMRAM 000001
?i1_rand                                        cstackCOMRAM 00000D
MAX7219_Init@i                                  cstackBANK0  0000D9
MAX7219_Write_All@data                          cstackBANK0  0000D5
MAX7219_Write_All@i                             cstackBANK0  0000D7
MAX7219_Write_All@reg                           cstackBANK0  0000D6
SPI_Write_Byte@data                             cstackBANK0  0000D2
SPI_Write_Byte@i                                cstackBANK0  0000D3
_ADCON1                                         (abs)        000FC1
_BAUDCONbits                                    (abs)        000FB8
_INTCONbits                                     (abs)        000FF2
_IPR1bits                                       (abs)        000F9F
_LATCbits                                       (abs)        000F8B
_LATD                                           (abs)        000F8C
_LATDbits                                       (abs)        000F8C
_Lo_ISR                                         intcodelo    000018
_MAX7219_Init                                   text24       002798
_MAX7219_Write_All                              text25       002B62
_MCU_Init                                       text23       002C64
_OSCCON                                         (abs)        000FD3
_OSCCONbits                                     (abs)        000FD3
_PIE1bits                                       (abs)        000F9D
_PIR1bits                                       (abs)        000F9E
_PORTBbits                                      (abs)        000F81
_RCONbits                                       (abs)        000FD0
_RCREG                                          (abs)        000FAE
_RCSTAbits                                      (abs)        000FAB
_SPBRG                                          (abs)        000FAF
_SPBRGH                                         (abs)        000FB0
_SPI_Write_Byte                                 text26       0029BE
_TRISBbits                                      (abs)        000F93
_TRISCbits                                      (abs)        000F94
_TRISDbits                                      (abs)        000F95
_TXREG                                          (abs)        000FAD
_TXSTAbits                                      (abs)        000FAC
__HRAM                                          (abs)        000000
__H__absolute__                                 __absolute__ 000000
__Habs1                                         abs1         000000
__Hbank0                                        bank0        000000
__Hbank1                                        bank1        000000
__Hbank2                                        bank2        000000
__Hbank3                                        bank3        000000
__Hbank4                                        bank4        000000
__Hbank5                                        bank5        000000
__Hbigbss                                       bigbss       000000
__Hbigdata                                      bigdata      000000
__Hbigram                                       bigram       000000
__Hbigsfr                                       bigsfr       000000
__Hbss                                          bss          000000
__HbssBANK0                                     bssBANK0     000000
__HbssBANK1                                     bssBANK1     000000
__HbssBANK2                                     bssBANK2     000000
__HbssCOMRAM                                    bssCOMRAM    000000
__Hcinit                                        cinit        000000
__Hclrtext                                      clrtext      000000
__Hcomram                                       comram       000000
__Hconfig                                       config       30000E
__Hconst                                        const        000000
__HcstackBANK0                                  cstackBANK0  000000
__HcstackBANK1                                  cstackBANK1  000000
__HcstackCOMRAM                                 cstackCOMRAM 000000
__Hdata                                         data         000000
__HdataBANK0                                    dataBANK0    000000
__HdataBANK1                                    dataBANK1    000000
__HdataCOMRAM                                   dataCOMRAM   000000
__Heeprom_data                                  eeprom_data  000000
__Hfarbss                                       farbss       000000
__Hfardata                                      fardata      000000
__Hheap                                         heap         000000
__Hibigdata                                     ibigdata     000000
__Hidata                                        idata        000000
__HidataBANK0                                   idataBANK0   000000
__HidataBANK1                                   idataBANK1   000000
__HidataCOMRAM                                  idataCOMRAM  000000
__Hidloc                                        idloc        200008
__Hifardata                                     ifardata     000000
__Hinit                                         init         00009E
__Hintcode                                      intcode      000008
__Hintcode_body                                 intcode_body 000000
__Hintcodelo                                    intcodelo    00009A
__Hintentry                                     intentry     000000
__Hintret                                       intret       000000
__Hintsave_regs                                 intsave_regs 000000
__Hirdata                                       irdata       000000
__Hmediumconst                                  mediumconst  000000
__HnvFARRAM                                     nvFARRAM     000000
__Hnvbit                                        nvbit        000000
__Hnvrram                                       nvrram       000000
__Hparam                                        rparam       000000
__Hpowerup                                      powerup      000000
__Hram                                          ram          000000
__Hramtop                                       ramtop       000600
__Hrbit                                         rbit         000000
__Hrbss                                         rbss         000000
__Hrdata                                        rdata        000000
__Hreset_vec                                    reset_vec    000004
__Hrparam                                       rparam       000000
__Hsfr                                          sfr          000000
__Hsivt_hi                                      sivt_hi      000000
__Hsivt_lo                                      sivt_lo      00009A
__Hsmallconst                                   smallconst   00061C
__Hspace_0                                      (abs)        002CC6
__Hspace_1                                      (abs)        000280
__Hspace_2                                      (abs)        000000
__Hspace_4                                      (abs)        60000E
__Hstack                                        stack        000000
__Hstruct                                       struct       000000
__Htemp                                         temp         000075
__Htext                                         text         000000
__Htext0                                        text0        000000
__Htext1                                        text1        000000
__Htext10                                       text10       000000
__Htext11                                       text11       000000
__Htext12                                       text12       000000
__Htext13                                       text13       000000
__Htext14                                       text14       000000
__Htext15                                       text15       000000
__Htext16                                       text16       000000
__Htext17                                       text17       000000
__Htext18                                       text18       000000
__Htext19                                       text19       000000
__Htext2                                        text2        000000
__Htext20                                       text20       000000
__Htext21                                       text21       000000
__Htext22                                       text22       000000
__Htext23                                       text23       000000
__Htext24                                       text24       000000
__Htext25                                       text25       000000
__Htext26                                       text26       000000
__Htext28                                       text28       000000
__Htext29                                       text29       000000
__Htext3                                        text3        000000
__Htext30                                       text30       000000
__Htext31                                       text31       000000
__Htext32                                       text32       000000
__Htext33                                       text33       000000
__Htext34                                       text34       000000
__Htext35                                       text35       000000
__Htext36                                       text36       000000
__Htext37                                       text37       000000
__Htext38                                       text38       000000
__Htext39                                       text39       000000
__Htext4                                        text4        000000
__Htext40                                       text40       000000
__Htext41                                       text41       000000
__Htext42                                       text42       000000
__Htext43                                       text43       000000
__Htext44                                       text44       000000
__Htext45                                       text45       000000
__Htext46                                       text46       000000
__Htext5                                        text5        000000
__Htext6                                        text6        000000
__Htext7                                        text7        000000
__Htext8                                        text8        000000
__Htext9                                        text9        000000
__LRAM                                          (abs)        000001
__L__absolute__                                 __absolute__ 000000
__Labs1                                         abs1         000000
__Lbank0                                        bank0        000000
__Lbank1                                        bank1        000000
__Lbank2                                        bank2        000000
__Lbank3                                        bank3        000000
__Lbank4                                        bank4        000000
__Lbank5                                        bank5        000000
__Lbigbss                                       bigbss       000000
__Lbigdata                                      bigdata      000000
__Lbigram                                       bigram       000000
__Lbigsfr                                       bigsfr       000000
__Lbss                                          bss          000000
__LbssBANK0                                     bssBANK0     000000
__LbssBANK1                                     bssBANK1     000000
__LbssBANK2                                     bssBANK2     000000
__LbssCOMRAM                                    bssCOMRAM    000000
__Lcinit                                        cinit        000000
__Lclrtext                                      clrtext      000000
__Lcomram                                       comram       000000
__Lconfig                                       config       000000
__Lconst                                        const        000000
__LcstackBANK0                                  cstackBANK0  000000
__LcstackBANK1                                  cstackBANK1  000000
__LcstackCOMRAM                                 cstackCOMRAM 000000
__Ldata                                         data         000000
__LdataBANK0                                    dataBANK0    000000
__LdataBANK1                                    dataBANK1    000000
__LdataCOMRAM                                   dataCOMRAM   000000
__Leeprom_data                                  eeprom_data  000000
__Lfarbss                                       farbss       000000
__Lfardata                                      fardata      000000
__Lheap                                         heap         000000
__Libigdata                                     ibigdata     000000
__Lidata                                        idata        000000
__LidataBANK0                                   idataBANK0   000000
__LidataBANK1                                   idataBANK1   000000
__LidataCOMRAM                                  idataCOMRAM  000000
__Lidloc                                        idloc        000000
__Lifardata                                     ifardata     000000
__Linit                                         init         00009A
__Lintcode                                      intcode      000008
__Lintcode_body                                 intcode_body 000000
__Lintcodelo                                    intcodelo    000018
__Lintentry                                     intentry     000000
__Lintret                                       intret       000000
__Lintsave_regs                                 intsave_regs 000000
__Lirdata                                       irdata       000000
__Lmediumconst                                  mediumconst  000000
__LnvFARRAM                                     nvFARRAM     000000
__Lnvbit                                        nvbit        000000
__Lnvrram                                       nvrram       000000
__Lparam                                        rparam       000000
__Lpowerup                                      powerup      000000
__Lram                                          ram          000000
__Lramtop                                       ramtop       000600
__Lrbit                                         rbit         000000
__Lrbss                                         rbss         000000
__Lrdata                                        rdata        000000
__Lreset_vec                                    reset_vec    000000
__Lrparam                                       rparam       000000
__Lsfr                                          sfr          000000
__Lsivt_hi                                      sivt_hi      000000
__Lsivt_lo                                      sivt_lo      00009A
__Lsmallconst                                   smallconst   000600
__Lspace_0                                      (abs)        000000
__Lspace_1                                      (abs)        000000
__Lspace_2                                      (abs)        000000
__Lspace_4                                      (abs)        000000
__Lstack                                        stack        000000
__Lstruct                                       struct       000000
__Ltemp                                         temp         000074
__Ltext                                         text         000000
__Ltext0                                        text0        000000
__Ltext1                                        text1        000000
__Ltext10                                       text10       000000
__Ltext11                                       text11       000000
__Ltext12                                       text12       000000
__Ltext13                                       text13       000000
__Ltext14                                       text14       000000
__Ltext15                                       text15       000000
__Ltext16                                       text16       000000
__Ltext17                                       text17       000000
__Ltext18                                       text18       000000
__Ltext19                                       text19       000000
__Ltext2                                        text2        000000
__Ltext20                                       text20       000000
__Ltext21                                       text21       000000
__Ltext22                                       text22       000000
__Ltext23                                       text23       000000
__Ltext24                                       text24       000000
__Ltext25                                       text25       000000
__Ltext26                                       text26       000000
__Ltext28                                       text28       000000
__Ltext29                                       text29       000000
__Ltext3                                        text3        000000
__Ltext30                                       text30       000000
__Ltext31                                       text31       000000
__Ltext32                                       text32       000000
__Ltext33                                       text33       000000
__Ltext34                                       text34       000000
__Ltext35                                       text35       000000
__Ltext36                                       text36       000000
__Ltext37                                       text37       000000
__Ltext38                                       text38       000000
__Ltext39                                       text39       000000
__Ltext4                                        text4        000000
__Ltext40                                       text40       000000
__Ltext41                                       text41       000000
__Ltext42                                       text42       000000
__Ltext43                                       text43       000000
__Ltext44                                       text44       000000
__Ltext45                                       text45       000000
__Ltext46                                       text46       000000
__Ltext5                                        text5        000000
__Ltext6                                        text6        000000
__Ltext7                                        text7        000000
__Ltext8                                        text8        000000
__Ltext9                                        text9        000000
__S0                                            (abs)        002CC6
__S1                                            (abs)        000280
__S4                                            (abs)        000000
__S5                                            (abs)        000000
___aldiv                                        text4        001FCE
___aldiv@counter                                cstackBANK0  0000D8
___aldiv@dividend                               cstackBANK0  0000D0
___aldiv@divisor                                cstackBANK0  0000D4
___aldiv@quotient                               cstackBANK0  0000DA
___aldiv@sign                                   cstackBANK0  0000D9
___awmod                                        text22       002270
___awmod@counter                                cstackBANK0  0000E6
___awmod@dividend                               cstackBANK0  0000E2
___awmod@divisor                                cstackBANK0  0000E4
___awmod@sign                                   cstackBANK0  0000E7
___heap_hi                                      (abs)        000000
___heap_lo                                      (abs)        000000
___inthi_sp                                     stack        000000
___inthi_stack_hi                               stack        000000
___inthi_stack_lo                               stack        000000
___intlo_sp                                     stack        000000
___intlo_stack_hi                               stack        000000
___intlo_stack_lo                               stack        000000
___lmul                                         text17       00287C
___lmul@multiplicand                            cstackBANK0  0000D4
___lmul@multiplier                              cstackBANK0  0000D0
___lmul@product                                 cstackBANK0  0000D8
___param_bank                                   (abs)        000000
___rparam_used                                  (abs)        000001
___sp                                           stack        000000
___stack_hi                                     stack        000000
___stack_lo                                     stack        000000
__accesstop                                     (abs)        000080
__activetblptr                                  (abs)        000002
__end_of_Lo_ISR                                 intcodelo    00009A
__end_of_MAX7219_Init                           text24       00280C
__end_of_MAX7219_Write_All                      text25       002BAA
__end_of_MCU_Init                               text23       002C7A
__end_of_SPI_Write_Byte                         text26       002A1A
__end_of___aldiv                                text4        0020DA
__end_of___awmod                                text22       002320
__end_of___lmul                                 text17       0028E8
__end_of__initialization                        cinit        00245E
__end_of_check_for_full_rows                    text19       00084A
__end_of_check_inputs                           text7        000A5E
__end_of_compose_board                          text6        001020
__end_of_current_block_is_in_illegal_position   text18       0018FA
__end_of_drop_block_from_sky                    text14       001B64
__end_of_game_step                              text5        002B62
__end_of_generate_garbage                       text9        00258E
__end_of_main                                   text0        001DA8
__end_of_memmove                                text13       0014E4
__end_of_memset                                 text12       002BE4
__end_of_onReadChar                             text46       002CC6
__end_of_onReadLine                             text31       002C48
__end_of_processSerialReceive                   text28       00136A
__end_of_rand                                   text16       00287C
__end_of_reset_game                             text11       0021A6
__end_of_rotate_current_block                   text8        000E42
__end_of_serialBegin                            text3        0011CA
__end_of_serialPrint                            text21       002A74
__end_of_serialRead                             text30       002CB4
__end_of_serialWrite                            text29       002C90
__end_of_set_current_block                      text15       0024FE
__end_of_solidify_current_block                 text10       001EBC
__end_of_srand                                  text2        002C64
__end_of_update_display                         text1        0017C0
__end_of_update_score                           text20       002722
__end_ofi1___awmod                              text45       0023CE
__end_ofi1___lmul                               text40       0029BE
__end_ofi1_check_for_full_rows                  text42       000C56
__end_ofi1_current_block_is_in_illegal_position text41       001A32
__end_ofi1_drop_block_from_sky                  text37       001C92
__end_ofi1_generate_garbage                     text32       0026AA
__end_ofi1_memmove                              text36       00165C
__end_ofi1_memset                               text35       002C1C
__end_ofi1_rand                                 text39       002954
__end_ofi1_reset_game                           text34       002270
__end_ofi1_serialPrint                          text44       002ACA
__end_ofi1_set_current_block                    text38       00261E
__end_ofi1_solidify_current_block               text33       001FCE
__end_ofi1_update_score                         text43       002798
__initialization                                cinit        0023CE
__mediumconst                                   smallconst   000600
__pbssBANK0                                     bssBANK0     0000F6
__pbssBANK1                                     bssBANK1     000100
__pbssBANK2                                     bssBANK2     000200
__pbssCOMRAM                                    bssCOMRAM    000042
__pcinit                                        cinit        0023CE
__pcstackBANK0                                  cstackBANK0  0000D0
__pcstackBANK1                                  cstackBANK1  0001E0
__pcstackCOMRAM                                 cstackCOMRAM 000001
__pdataBANK0                                    dataBANK0    000080
__pdataBANK1                                    dataBANK1    0001D0
__pdataCOMRAM                                   dataCOMRAM   000062
__pidataBANK0                                   idataBANK0   002ACA
__pidataBANK1                                   idataBANK1   002CB4
__pidataCOMRAM                                  idataCOMRAM  002C90
__pintcodelo                                    intcodelo    000018
__psmallconst                                   smallconst   000600
__ptext0                                        text0        001C92
__ptext1                                        text1        00165C
__ptext10                                       text10       001DA8
__ptext11                                       text11       0020DA
__ptext12                                       text12       002BAA
__ptext13                                       text13       00136A
__ptext14                                       text14       001A32
__ptext15                                       text15       00246C
__ptext16                                       text16       00280C
__ptext17                                       text17       00287C
__ptext18                                       text18       0017C0
__ptext19                                       text19       00061C
__ptext2                                        text2        002C48
__ptext20                                       text20       0026AA
__ptext21                                       text21       002A1A
__ptext22                                       text22       002270
__ptext23                                       text23       002C64
__ptext24                                       text24       002798
__ptext25                                       text25       002B62
__ptext26                                       text26       0029BE
__ptext28                                       text28       0011CA
__ptext29                                       text29       002C7A
__ptext3                                        text3        001020
__ptext30                                       text30       002CA2
__ptext31                                       text31       002C1C
__ptext32                                       text32       00261E
__ptext33                                       text33       001EBC
__ptext34                                       text34       0021A6
__ptext35                                       text35       002BE4
__ptext36                                       text36       0014E4
__ptext37                                       text37       001B64
__ptext38                                       text38       00258E
__ptext39                                       text39       0028E8
__ptext4                                        text4        001FCE
__ptext40                                       text40       002954
__ptext41                                       text41       0018FA
__ptext42                                       text42       000A5E
__ptext43                                       text43       002722
__ptext44                                       text44       002A74
__ptext45                                       text45       002320
__ptext46                                       text46       002CC4
__ptext5                                        text5        002B1A
__ptext6                                        text6        000E42
__ptext7                                        text7        00084A
__ptext8                                        text8        000C56
__ptext9                                        text9        0024FE
__ramtop                                        ramtop       000600
__smallconst                                    smallconst   000600
_block_I                                        dataCOMRAM   000064
_block_J                                        dataBANK0    000080
_block_L                                        dataBANK1    0001D0
_block_O                                        dataBANK0    0000C0
_block_S                                        dataBANK0    0000A0
_block_T                                        dataBANK0    0000B0
_block_Z                                        dataBANK0    000090
_block_location_x                               bssCOMRAM    000056
_block_location_y                               bssCOMRAM    000054
_board                                          bssBANK2     000200
_check_for_full_rows                            text19       00061C
_check_inputs                                   text7        00084A
_compose_board                                  text6        000E42
_current_block                                  bssCOMRAM    000042
_current_block_is_in_illegal_position           text18       0017C0
_current_block_type                             bssBANK0     0000FC
_display_matrix                                 bssBANK1     000110
_drop_block_from_sky                            text14       001A32
_game_speed_ticks                               dataCOMRAM   000063
_game_step                                      text5        002B1A
_gap_position                                   bssBANK0     0000F6
_generate_garbage                               text9        0024FE
_main                                           text0        001C92
_memmove                                        text13       00136A
_memset                                         text12       002BAA
_onReadChar                                     text46       002CC4
_onReadLine                                     text31       002C1C
_prev_rb0                                       bssCOMRAM    00005B
_prev_rb1                                       bssCOMRAM    00005A
_prev_rb2                                       bssCOMRAM    000059
_prev_rb3                                       bssCOMRAM    000058
_prev_rb4                                       dataCOMRAM   000062
_processSerialReceive                           text28       0011CA
_rand                                           text16       00280C
_reset_game                                     text11       0020DA
_rotate_current_block                           text8        000C56
_score                                          bssCOMRAM    000052
_seed                                           bssCOMRAM    00005E
_serialBegin                                    text3        001020
_serialBuffer                                   bssBANK1     000190
_serialBufferLen                                bssCOMRAM    00005D
_serialLastChar                                 bssCOMRAM    00005C
_serialOnReadChar                               bssBANK0     0000F8
_serialOnReadLine                               bssBANK0     0000FA
_serialPrint                                    text21       002A1A
_serialPrintfCache                              bssBANK1     000100
_serialRead                                     text30       002CA2
_serialWrite                                    text29       002C7A
_set_current_block                              text15       00246C
_solidify_current_block                         text10       001DA8
_srand                                          text2        002C48
_update_display                                 text1        00165C
_update_score                                   text20       0026AA
btemp                                           temp         000074
check_for_full_rows@i                           cstackBANK1  0001E7
check_for_full_rows@j                           cstackBANK1  0001E1
check_for_full_rows@j_943                       cstackBANK1  0001E9
check_for_full_rows@j_944                       cstackBANK1  0001E5
check_for_full_rows@n                           cstackBANK1  0001E3
check_for_full_rows@row_is_full                 cstackBANK1  0001E0
compose_board@i                                 cstackBANK0  0000DC
compose_board@i_957                             cstackBANK0  0000E0
compose_board@j                                 cstackBANK0  0000DE
compose_board@j_958                             cstackBANK0  0000E2
compose_board@x                                 cstackBANK0  0000D8
compose_board@y                                 cstackBANK0  0000DA
current_block_is_in_illegal_position@i          cstackBANK0  0000D8
current_block_is_in_illegal_position@j          cstackBANK0  0000DA
current_block_is_in_illegal_position@x          cstackBANK0  0000D4
current_block_is_in_illegal_position@y          cstackBANK0  0000D6
drop_block_from_sky@r                           cstackBANK0  0000E8
end_of_initialization                           cinit        00245E
generate_garbage@line_count                     cstackBANK0  0000F0
i1___awmod                                      text45       002320
i1___awmod@counter                              cstackCOMRAM 000017
i1___awmod@dividend                             cstackCOMRAM 000013
i1___awmod@divisor                              cstackCOMRAM 000015
i1___awmod@sign                                 cstackCOMRAM 000018
i1___lmul                                       text40       002954
i1___lmul@multiplicand                          cstackCOMRAM 000005
i1___lmul@multiplier                            cstackCOMRAM 000001
i1___lmul@product                               cstackCOMRAM 000009
i1_check_for_full_rows                          text42       000A5E
i1_current_block_is_in_illegal_position         text41       0018FA
i1_drop_block_from_sky                          text37       001B64
i1_generate_garbage                             text32       00261E
i1_memmove                                      text36       0014E4
i1_memset                                       text35       002BE4
i1_rand                                         text39       0028E8
i1_reset_game                                   text34       0021A6
i1_serialPrint                                  text44       002A74
i1_set_current_block                            text38       00258E
i1_solidify_current_block                       text33       001EBC
i1_update_score                                 text43       002722
i1check_for_full_rows@i                         cstackCOMRAM 000028
i1check_for_full_rows@j                         cstackCOMRAM 000022
i1check_for_full_rows@j_943                     cstackCOMRAM 00002A
i1check_for_full_rows@j_944                     cstackCOMRAM 000026
i1check_for_full_rows@n                         cstackCOMRAM 000024
i1check_for_full_rows@row_is_full               cstackCOMRAM 000021
i1current_block_is_in_illegal_position@i        cstackCOMRAM 000009
i1current_block_is_in_illegal_position@j        cstackCOMRAM 00000B
i1current_block_is_in_illegal_position@x        cstackCOMRAM 000005
i1current_block_is_in_illegal_position@y        cstackCOMRAM 000007
i1drop_block_from_sky@r                         cstackCOMRAM 000019
i1generate_garbage@line_count                   cstackCOMRAM 00002C
i1memmove@c                                     cstackCOMRAM 000019
i1memmove@d                                     cstackCOMRAM 00001D
i1memmove@d1                                    cstackCOMRAM 000001
i1memmove@n                                     cstackCOMRAM 000005
i1memmove@s                                     cstackCOMRAM 00001A
i1memmove@s1                                    cstackCOMRAM 000003
i1memset@c                                      cstackCOMRAM 000003
i1memset@dest                                   cstackCOMRAM 000001
i1memset@n                                      cstackCOMRAM 000005
i1memset@p                                      cstackCOMRAM 000007
i1reset_game@i                                  cstackCOMRAM 00000B
i1reset_game@j                                  cstackCOMRAM 00000D
i1serialPrint@i                                 cstackCOMRAM 000003
i1serialPrint@text                              cstackCOMRAM 000001
i1set_current_block@b                           cstackCOMRAM 000001
i1set_current_block@i                           cstackCOMRAM 000007
i1set_current_block@j                           cstackCOMRAM 000009
i1solidify_current_block@i                      cstackCOMRAM 000009
i1solidify_current_block@j                      cstackCOMRAM 00000B
i1solidify_current_block@x                      cstackCOMRAM 000005
i1solidify_current_block@y                      cstackCOMRAM 000007
i1update_score@i                                cstackCOMRAM 000005
i1update_score@n                                cstackCOMRAM 000003
i1update_score@x                                cstackCOMRAM 000001
int$flags                                       temp         000074
intlevel0                                       text         000000
intlevel1                                       text         000000
intlevel2                                       text         000000
intlevel3                                       text         000000
isa$std                                         (abs)        000001
isa$xinst                                       (abs)        000000
main@row                                        cstackBANK0  0000F5
main@t                                          cstackBANK0  0000F4
memmove@c                                       cstackBANK0  0000E8
memmove@d                                       cstackBANK0  0000EC
memmove@d1                                      cstackBANK0  0000D0
memmove@n                                       cstackBANK0  0000D4
memmove@s                                       cstackBANK0  0000E9
memmove@s1                                      cstackBANK0  0000D2
memset@c                                        cstackBANK0  0000D2
memset@dest                                     cstackBANK0  0000D0
memset@n                                        cstackBANK0  0000D4
memset@p                                        cstackBANK0  0000D6
onReadLine@len                                  cstackCOMRAM 000030
onReadLine@line                                 cstackCOMRAM 00002E
processSerialReceive@c                          cstackCOMRAM 000032
reset_game@i                                    cstackBANK0  0000DA
reset_game@j                                    cstackBANK0  0000DC
rotate_current_block@d                          cstackBANK0  0000D1
rotate_current_block@i                          cstackBANK0  0000DB
rotate_current_block@i_923                      cstackBANK0  0000DD
rotate_current_block@j                          cstackBANK0  0000D9
rotate_current_block@j_924                      cstackBANK0  0000D5
rotate_current_block@k                          cstackBANK0  0000D7
rotate_current_block@temp                       cstackBANK0  0000D2
rotate_current_block@temp_926                   cstackBANK0  0000D3
rotate_current_block@temp_927                   cstackBANK0  0000D4
serialBegin@baudRate                            cstackBANK0  0000DE
serialBegin@baudRateGenerator                   cstackBANK0  0000E4
serialBegin@receiveInterruptPriority            cstackBANK0  0000E2
serialPrint@i                                   cstackBANK0  0000D2
serialPrint@text                                cstackBANK0  0000D0
serialWrite@c                                   cstackCOMRAM 000001
set_current_block@b                             cstackBANK0  0000D0
set_current_block@i                             cstackBANK0  0000D6
set_current_block@j                             cstackBANK0  0000D8
solidify_current_block@i                        cstackBANK0  0000D8
solidify_current_block@j                        cstackBANK0  0000DA
solidify_current_block@x                        cstackBANK0  0000D4
solidify_current_block@y                        cstackBANK0  0000D6
srand@s                                         cstackBANK0  0000D0
stackhi                                         (abs)        000000
stacklo                                         (abs)        000000
start                                           init         00009A
start_initialization                            cinit        0023CE
ttemp5                                          temp         000075
ttemp6                                          temp         000078
ttemp7                                          temp         00007C
update_display@col                              cstackBANK0  0000DB
update_display@col_884                          cstackBANK0  0000DD
update_display@pattern_bot                      cstackBANK0  0000D9
update_display@pattern_top                      cstackBANK0  0000DA
update_display@row_addr                         cstackBANK0  0000DF
update_score@i                                  cstackBANK0  0000D4
update_score@n                                  cstackBANK0  0000D2
update_score@x                                  cstackBANK0  0000D0
wtemp8                                          temp         000075


MODULE INFORMATION

Module		Function		Class		Link	Load	Size
./helpers.h
		_compose_board 		CODE           	0E42	0000	478
		_current_block_is_in_illegal_position		CODE           	17C0	0000	314
		_rotate_current_block		CODE           	0C56	0000	492
		_drop_block_from_sky		CODE           	1A32	0000	306
		_solidify_current_block		CODE           	1DA8	0000	276
		_check_for_full_rows		CODE           	061C	0000	558
		_game_step     		CODE           	2B1A	0000	72
		_update_score  		CODE           	26AA	0000	120
		_set_current_block		CODE           	246C	0000	146
		_reset_game    		CODE           	20DA	0000	204
		_generate_garbage		CODE           	24FE	0000	144

./helpers.h estimated size: 3110

tetris.c
		_onReadChar    		CODE           	2CC4	0000	2
		_Lo_ISR        		CODE           	0018	0000	130
		_onReadLine    		CODE           	2C1C	0000	44
		_main          		CODE           	1C92	0000	278
		_check_inputs  		CODE           	084A	0000	532

tetris.c estimated size: 986

C:\Program Files\Microchip\xc8\v3.00\pic\sources\c99\common\rand.c
		_srand         		CODE           	2C48	0000	28
		_rand          		CODE           	280C	0000	112

C:\Program Files\Microchip\xc8\v3.00\pic\sources\c99\common\rand.c estimated size: 140

C:\Program Files\Microchip\xc8\v3.00\pic\sources\c99\common\awmod.c
		___awmod       		CODE           	2270	0000	176

C:\Program Files\Microchip\xc8\v3.00\pic\sources\c99\common\awmod.c estimated size: 176

C:\Program Files\Microchip\xc8\v3.00\pic\sources\c99\common\Umul32.c
		___lmul        		CODE           	287C	0000	108

C:\Program Files\Microchip\xc8\v3.00\pic\sources\c99\common\Umul32.c estimated size: 108

shared
		i1_update_score		CODE           	2722	0000	118
		i1_set_current_block		CODE           	258E	0000	144
		i1_drop_block_from_sky		CODE           	1B64	0000	302
		i1_generate_garbage		CODE           	261E	0000	140
		i1_rand        		CODE           	28E8	0000	108
		i1_check_for_full_rows		CODE           	0A5E	0000	504
		__initialization		CODE           	23CE	0000	144
		i1___lmul      		CODE           	2954	0000	106
		i1_current_block_is_in_illegal_position		CODE           	18FA	0000	312
		i1___awmod     		CODE           	2320	0000	174
		i1_reset_game  		CODE           	21A6	0000	202
		i1_memmove     		CODE           	14E4	0000	376
		i1_memset      		CODE           	2BE4	0000	56
		i1_solidify_current_block		CODE           	1EBC	0000	274
		i1_serialPrint 		CODE           	2A74	0000	86

shared estimated size: 3046

C:\Program Files\Microchip\xc8\v3.00\pic\sources\c99\common\memmove.c
		_memmove       		CODE           	136A	0000	378

C:\Program Files\Microchip\xc8\v3.00\pic\sources\c99\common\memmove.c estimated size: 378

C:\Program Files\Microchip\xc8\v3.00\pic\sources\c99\common\memset.c
		_memset        		CODE           	2BAA	0000	58

C:\Program Files\Microchip\xc8\v3.00\pic\sources\c99\common\memset.c estimated size: 58

./display.h
		_MAX7219_Init  		CODE           	2798	0000	116
		_MAX7219_Write_All		CODE           	2B62	0000	72
		_SPI_Write_Byte		CODE           	29BE	0000	92
		_update_display		CODE           	165C	0000	356
		_MCU_Init      		CODE           	2C64	0000	22

./display.h estimated size: 658

./lib.h
		_serialWrite   		CODE           	2C7A	0000	22
		_processSerialReceive		CODE           	11CA	0000	416
		_serialPrint   		CODE           	2A1A	0000	90
		_serialRead    		CODE           	2CA2	0000	18
		_serialBegin   		CODE           	1020	0000	426

./lib.h estimated size: 972

C:\Program Files\Microchip\xc8\v3.00\pic\sources\c99\common\aldiv.c
		___aldiv       		CODE           	1FCE	0000	268

C:\Program Files\Microchip\xc8\v3.00\pic\sources\c99\common\aldiv.c estimated size: 268

