Microchip MPLAB XC8 Compiler V3.00

Linker command line:

-W-3 \
  --edf=C:\Program Files\Microchip\xc8\v3.00\pic\dat\20241204225717_en.msgs \
  -cn -h+dist/default/debug\MAX7219_test.X.debug.sym \
  --cmf=dist/default/debug\MAX7219_test.X.debug.cmf -z -Q18F4520 \
  -oC:\Users\willi\AppData\Local\Temp\xcBs81k.1\driver_tmp_3.o \
  --defsym=__MPLAB_BUILD=1 --fixupoverflow=error \
  -Mdist/default/debug/MAX7219_test.X.debug.map \
  --md=C:\Users\willi\AppData\Local\Temp\xcBs81k.1\driver_tmp_0.dat -E1 \
  -ver=XC8 Compiler -ACODE=00h-07DBFh -ACONST=00h-07DBFh \
  -ASMALLCONST=0600h-06FFhx119,07D00h-07DBFh -AMEDIUMCONST=0600h-07DBFh \
  -ACOMRAM=01h-07Fh -AABS1=00h-05F3h -ABIGRAM=01h-05F3h \
  -ARAM=080h-0FFh,0100h-01FFhx4,0500h-05F3h -ABANK0=080h-0FFh \
  -ABANK1=0100h-01FFh -ABANK2=0200h-02FFh -ABANK3=0300h-03FFh \
  -ABANK4=0400h-04FFh -ABANK5=0500h-05F3h \
  -ASFR=0F80h-0F9Bh,0F9Dh-0FD3h,0FD5h-0FDAh,0FE0h-0FE2h,0FE8h-0FEAh,0FF0h-0FFCh \
  -ABIGSFR=0F80h-0F9Bh,0F9Dh-0FD3h,0FD5h-0FDAh,0FE0h-0FE2h,0FE8h-0FEAh,0FF0h-0FFCh \
  -ACONFIG=0300000h-030000Dh -AIDLOC=0200000h-0200007h \
  -AEEDATA=0F00000h-0F000FFh -peeprom_data=EEDATA \
  -preset_vec=00h,intcode=8h,intcodelo=18h,sivt_lo,sivt_hi=CODE \
  -ppowerup=CODE,init -pramtop=0600h -psmallconst=SMALLCONST \
  -pmediumconst=MEDIUMCONST -pconst=CONST -AFARRAM=00h-00h \
  -prdata=COMRAM,nvrram=COMRAM,nvbit=COMRAM,rbss=COMRAM,rbit=COMRAM \
  -pfarbss=FARRAM,fardata=FARRAM,nvFARRAM=FARRAM \
  -pintsave_regs=BIGRAM,bigbss=BIGRAM,bigdata=BIGRAM -pbss=RAM \
  -pidata=CODE,irdata=CODE,ibigdata=CODE,ifardata=CODE -prparam=COMRAM \
  C:\Users\willi\AppData\Local\Temp\xcBs81k.1\driver_tmp_9.o \
  dist/default/debug\MAX7219_test.X.debug.o 

Object code version is 3.11

Machine type is 18F4520



                Name                               Link     Load   Length Selector   Space Scale
C:\Users\willi\AppData\Local\Temp\xcBs81k.1\driver_tmp_9.o
                idloc                            200000   200000        8        0       5
                config                           300000   300000        E        0       4
                init                                 7A       7A        4        C       0
                reset_vec                             0        0        4        0       0
dist/default/debug\MAX7219_test.X.debug.o
                intcodelo                            18       18       62        C       0
                idloc                            200000   200000        8        0       5
                config                           300000   300000        E        0       4
                temp                                 71       71        1        1       1
                smallconst                          600      600       1C      300       0
                text45                             2BE4     2BE4        2      30E       0
                text44                             22F0     22F0       AE      30E       0
                text43                             25B2     25B2       76      30E       0
                text42                              A28      A28      1F0      30E       0
                text41                             1900     1900      138      30E       0
                text40                             28CA     28CA       6A      30E       0
                text39                             285E     285E       6C      30E       0
                text38                             2710     2710       72      30E       0
                text37                             1E8E     1E8E      110      30E       0
                text36                             14EA     14EA      178      30E       0
                text35                             2B14     2B14       38      30E       0
                text34                             2176     2176       CA      30E       0
                text33                             1D7C     1D7C      112      30E       0
                text32                             242E     242E       8C      30E       0
                text31                             2B4C     2B4C       2C      30E       0
                text30                             2BD2     2BD2       12      30E       0
                text29                             2BAA     2BAA       16      30E       0
                text28                             134A     134A      1A0      30E       0
                text26                             2994     2994       5C      30E       0
                text25                             2A92     2A92       48      30E       0
                text24                             269C     269C       74      30E       0
                text23                             2B94     2B94       16      30E       0
                text22                             2240     2240       B0      30E       0
                text21                             253A     253A       78      30E       0
                text20                              830      830      1F8      30E       0
                text19                             17C6     17C6      13A      30E       0
                text18                             27F2     27F2       6C      30E       0
                text17                             2782     2782       70      30E       0
                text16                             2628     2628       74      30E       0
                text15                             1C68     1C68      114      30E       0
                text14                              FE2      FE2      1BE      30E       0
                text13                             2ADA     2ADA       3A      30E       0
                text12                             20AA     20AA       CC      30E       0
                text11                             1B54     1B54      114      30E       0
                text10                             239E     239E       90      30E       0
                text9                               C18      C18      1EC      30E       0
                text8                               61C      61C      214      30E       0
                text7                               E04      E04      1DE      30E       0
                text6                              2A4A     2A4A       48      30E       0
                text5                              1F9E     1F9E      10C      30E       0
                text4                              11A0     11A0      1AA      30E       0
                text3                              29F0     29F0       5A      30E       0
                text2                              2B78     2B78       1C      30E       0
                text1                              1662     1662      164      30E       0
                text0                              1A38     1A38      11C      30E       0
                cstackCOMRAM                          1        1       3D        1       1
                cstackBANK0                          E0       E0       1A       80       1
                cstackBANK1                         1D0      1D0       19      100       1
                bssBANK2                            200      200       80      200       1
                bssBANK1                            100      100       D0      100       1
                dataBANK0                            80       80       60       80       1
                bssBANK0                             FA       FA        6       80       1
                dataCOMRAM                           5F       5F       12        1       1
                bssCOMRAM                            3E       3E       21        1       1
                cinit                              24BA     24BA       80      30E       0
                idataBANK0                         2934     2934       60      30E       0
                idataCOMRAM                        2BC0     2BC0       12      30E       0

TOTAL           Name                               Link     Load   Length     Space
        CLASS   CODE           
                intcodelo                            18       18       62         0
                init                                 7A       7A        4         0
                reset_vec                             0        0        4         0
                text45                             2BE4     2BE4        2         0
                text44                             22F0     22F0       AE         0
                text43                             25B2     25B2       76         0
                text42                              A28      A28      1F0         0
                text41                             1900     1900      138         0
                text40                             28CA     28CA       6A         0
                text39                             285E     285E       6C         0
                text38                             2710     2710       72         0
                text37                             1E8E     1E8E      110         0
                text36                             14EA     14EA      178         0
                text35                             2B14     2B14       38         0
                text34                             2176     2176       CA         0
                text33                             1D7C     1D7C      112         0
                text32                             242E     242E       8C         0
                text31                             2B4C     2B4C       2C         0
                text30                             2BD2     2BD2       12         0
                text29                             2BAA     2BAA       16         0
                text28                             134A     134A      1A0         0
                text26                             2994     2994       5C         0
                text25                             2A92     2A92       48         0
                text24                             269C     269C       74         0
                text23                             2B94     2B94       16         0
                text22                             2240     2240       B0         0
                text21                             253A     253A       78         0
                text20                              830      830      1F8         0
                text19                             17C6     17C6      13A         0
                text18                             27F2     27F2       6C         0
                text17                             2782     2782       70         0
                text16                             2628     2628       74         0
                text15                             1C68     1C68      114         0
                text14                              FE2      FE2      1BE         0
                text13                             2ADA     2ADA       3A         0
                text12                             20AA     20AA       CC         0
                text11                             1B54     1B54      114         0
                text10                             239E     239E       90         0
                text9                               C18      C18      1EC         0
                text8                               61C      61C      214         0
                text7                               E04      E04      1DE         0
                text6                              2A4A     2A4A       48         0
                text5                              1F9E     1F9E      10C         0
                text4                              11A0     11A0      1AA         0
                text3                              29F0     29F0       5A         0
                text2                              2B78     2B78       1C         0
                text1                              1662     1662      164         0
                text0                              1A38     1A38      11C         0
                cinit                              24BA     24BA       80         0
                idataBANK0                         2934     2934       60         0
                idataCOMRAM                        2BC0     2BC0       12         0

        CLASS   CONST          

        CLASS   SMALLCONST     
                smallconst                          600      600       1C         0

        CLASS   MEDIUMCONST    

        CLASS   COMRAM         
                temp                                 71       71        1         1
                cstackCOMRAM                          1        1       3D         1
                dataCOMRAM                           5F       5F       12         1
                bssCOMRAM                            3E       3E       21         1

        CLASS   ABS1           

        CLASS   BIGRAM         

        CLASS   RAM            

        CLASS   BANK0          
                cstackBANK0                          E0       E0       1A         1
                dataBANK0                            80       80       60         1
                bssBANK0                             FA       FA        6         1

        CLASS   BANK1          
                cstackBANK1                         1D0      1D0       19         1
                bssBANK1                            100      100       D0         1

        CLASS   BANK2          
                bssBANK2                            200      200       80         1

        CLASS   BANK3          

        CLASS   BANK4          

        CLASS   BANK5          

        CLASS   SFR            

        CLASS   BIGSFR         

        CLASS   CONFIG         
                config                           300000   300000        E         4

        CLASS   IDLOC          
                idloc                            200000   200000        8         5

        CLASS   EEDATA         

        CLASS   FARRAM         

        CLASS   HEAP           

        CLASS   STACK          



SEGMENTS        Name                           Load    Length   Top    Selector   Space  Class

                reset_vec                      000000  000004  000004         0       0  CODE    
                cstackCOMRAM                   000001  000071  000072         1       1  COMRAM  
                intcodelo                      000018  000066  00007E         C       0  CODE    
                dataBANK0                      000080  000080  000100        80       1  BANK0   
                bssBANK1                       000100  0000E9  0001E9       100       1  BANK1   
                bssBANK2                       000200  000080  000280       200       1  BANK2   
                smallconst                     000600  00001C  00061C       300       0  SMALLCON
                text8                          00061C  0025CA  002BE6       30E       0  CODE    


UNUSED ADDRESS RANGES

        Name                Unused          Largest block    Delta
        BANK1            0001E9-0001FF               17
        BANK2            000280-0002FF               80
        BANK3            000300-0003FF              100
        BANK4            000400-0004FF              100
        BANK5            000500-0005F3               F4
        BIGRAM           000072-00007F                E
                         0001E9-0001FF               17
                         000280-0005F3              374
        BIGSFR           000F80-000F9B               1C
                         000F9D-000FD3               37
                         000FD5-000FDA                6
                         000FE0-000FE2                3
                         000FE8-000FEA                3
                         000FF0-000FFC                D
        CODE             000004-000017               14
                         00007E-0005FF              582
                         002BE6-007DBF             51DA
        COMRAM           000072-00007F                E
        CONST            000004-000017               14
                         00007E-0005FF              582
                         002BE6-007DBF             51DA
        EEDATA           F00000-F000FF              100
        MEDIUMCONST      002BE6-007DBF             51DA
        RAM              0001E9-0001FF               17
                         000280-0005F3              100
        SFR              000F80-000F9B               1C
                         000F9D-000FD3               37
                         000FD5-000FDA                6
                         000FE0-000FE2                3
                         000FE8-000FEA                3
                         000FF0-000FFC                D
        SMALLCONST       002BE6-007DBF              100

                                  Symbol Table

?___aldiv                                       cstackBANK0  0000E0
?___awmod                                       cstackBANK0  0000F2
?___lmul                                        cstackBANK0  0000E0
?_rand                                          cstackBANK0  0000EC
?i1___awmod                                     cstackCOMRAM 000013
?i1___lmul                                      cstackCOMRAM 000001
?i1_rand                                        cstackCOMRAM 00000D
MAX7219_Init@i                                  cstackBANK0  0000E9
MAX7219_Write_All@data                          cstackBANK0  0000E5
MAX7219_Write_All@i                             cstackBANK0  0000E7
MAX7219_Write_All@reg                           cstackBANK0  0000E6
SPI_Write_Byte@data                             cstackBANK0  0000E2
SPI_Write_Byte@i                                cstackBANK0  0000E3
_ADCON1                                         (abs)        000FC1
_BAUDCONbits                                    (abs)        000FB8
_INTCONbits                                     (abs)        000FF2
_IPR1bits                                       (abs)        000F9F
_LATCbits                                       (abs)        000F8B
_LATD                                           (abs)        000F8C
_LATDbits                                       (abs)        000F8C
_Lo_ISR                                         intcodelo    000018
_MAX7219_Init                                   text24       00269C
_MAX7219_Write_All                              text25       002A92
_MCU_Init                                       text23       002B94
_OSCCON                                         (abs)        000FD3
_OSCCONbits                                     (abs)        000FD3
_PIE1bits                                       (abs)        000F9D
_PIR1bits                                       (abs)        000F9E
_PORTBbits                                      (abs)        000F81
_RCONbits                                       (abs)        000FD0
_RCREG                                          (abs)        000FAE
_RCSTAbits                                      (abs)        000FAB
_SPBRG                                          (abs)        000FAF
_SPBRGH                                         (abs)        000FB0
_SPI_Write_Byte                                 text26       002994
_TRISBbits                                      (abs)        000F93
_TRISCbits                                      (abs)        000F94
_TRISDbits                                      (abs)        000F95
_TXREG                                          (abs)        000FAD
_TXSTAbits                                      (abs)        000FAC
__HRAM                                          (abs)        000000
__H__absolute__                                 __absolute__ 000000
__Habs1                                         abs1         000000
__Hbank0                                        bank0        000000
__Hbank1                                        bank1        000000
__Hbank2                                        bank2        000000
__Hbank3                                        bank3        000000
__Hbank4                                        bank4        000000
__Hbank5                                        bank5        000000
__Hbigbss                                       bigbss       000000
__Hbigdata                                      bigdata      000000
__Hbigram                                       bigram       000000
__Hbigsfr                                       bigsfr       000000
__Hbss                                          bss          000000
__HbssBANK0                                     bssBANK0     000000
__HbssBANK1                                     bssBANK1     000000
__HbssBANK2                                     bssBANK2     000000
__HbssCOMRAM                                    bssCOMRAM    000000
__Hcinit                                        cinit        000000
__Hclrtext                                      clrtext      000000
__Hcomram                                       comram       000000
__Hconfig                                       config       30000E
__Hconst                                        const        000000
__HcstackBANK0                                  cstackBANK0  000000
__HcstackBANK1                                  cstackBANK1  000000
__HcstackCOMRAM                                 cstackCOMRAM 000000
__Hdata                                         data         000000
__HdataBANK0                                    dataBANK0    000000
__HdataCOMRAM                                   dataCOMRAM   000000
__Heeprom_data                                  eeprom_data  000000
__Hfarbss                                       farbss       000000
__Hfardata                                      fardata      000000
__Hheap                                         heap         000000
__Hibigdata                                     ibigdata     000000
__Hidata                                        idata        000000
__HidataBANK0                                   idataBANK0   000000
__HidataCOMRAM                                  idataCOMRAM  000000
__Hidloc                                        idloc        200008
__Hifardata                                     ifardata     000000
__Hinit                                         init         00007E
__Hintcode                                      intcode      000008
__Hintcode_body                                 intcode_body 000000
__Hintcodelo                                    intcodelo    00007A
__Hintentry                                     intentry     000000
__Hintret                                       intret       000000
__Hintsave_regs                                 intsave_regs 000000
__Hirdata                                       irdata       000000
__Hmediumconst                                  mediumconst  000000
__HnvFARRAM                                     nvFARRAM     000000
__Hnvbit                                        nvbit        000000
__Hnvrram                                       nvrram       000000
__Hparam                                        rparam       000000
__Hpowerup                                      powerup      000000
__Hram                                          ram          000000
__Hramtop                                       ramtop       000600
__Hrbit                                         rbit         000000
__Hrbss                                         rbss         000000
__Hrdata                                        rdata        000000
__Hreset_vec                                    reset_vec    000004
__Hrparam                                       rparam       000000
__Hsfr                                          sfr          000000
__Hsivt_hi                                      sivt_hi      000000
__Hsivt_lo                                      sivt_lo      00007A
__Hsmallconst                                   smallconst   00061C
__Hspace_0                                      (abs)        002BE6
__Hspace_1                                      (abs)        000280
__Hspace_2                                      (abs)        000000
__Hspace_4                                      (abs)        60000E
__Hstack                                        stack        000000
__Hstruct                                       struct       000000
__Htemp                                         temp         000072
__Htext                                         text         000000
__Htext0                                        text0        000000
__Htext1                                        text1        000000
__Htext10                                       text10       000000
__Htext11                                       text11       000000
__Htext12                                       text12       000000
__Htext13                                       text13       000000
__Htext14                                       text14       000000
__Htext15                                       text15       000000
__Htext16                                       text16       000000
__Htext17                                       text17       000000
__Htext18                                       text18       000000
__Htext19                                       text19       000000
__Htext2                                        text2        000000
__Htext20                                       text20       000000
__Htext21                                       text21       000000
__Htext22                                       text22       000000
__Htext23                                       text23       000000
__Htext24                                       text24       000000
__Htext25                                       text25       000000
__Htext26                                       text26       000000
__Htext28                                       text28       000000
__Htext29                                       text29       000000
__Htext3                                        text3        000000
__Htext30                                       text30       000000
__Htext31                                       text31       000000
__Htext32                                       text32       000000
__Htext33                                       text33       000000
__Htext34                                       text34       000000
__Htext35                                       text35       000000
__Htext36                                       text36       000000
__Htext37                                       text37       000000
__Htext38                                       text38       000000
__Htext39                                       text39       000000
__Htext4                                        text4        000000
__Htext40                                       text40       000000
__Htext41                                       text41       000000
__Htext42                                       text42       000000
__Htext43                                       text43       000000
__Htext44                                       text44       000000
__Htext45                                       text45       000000
__Htext5                                        text5        000000
__Htext6                                        text6        000000
__Htext7                                        text7        000000
__Htext8                                        text8        000000
__Htext9                                        text9        000000
__LRAM                                          (abs)        000001
__L__absolute__                                 __absolute__ 000000
__Labs1                                         abs1         000000
__Lbank0                                        bank0        000000
__Lbank1                                        bank1        000000
__Lbank2                                        bank2        000000
__Lbank3                                        bank3        000000
__Lbank4                                        bank4        000000
__Lbank5                                        bank5        000000
__Lbigbss                                       bigbss       000000
__Lbigdata                                      bigdata      000000
__Lbigram                                       bigram       000000
__Lbigsfr                                       bigsfr       000000
__Lbss                                          bss          000000
__LbssBANK0                                     bssBANK0     000000
__LbssBANK1                                     bssBANK1     000000
__LbssBANK2                                     bssBANK2     000000
__LbssCOMRAM                                    bssCOMRAM    000000
__Lcinit                                        cinit        000000
__Lclrtext                                      clrtext      000000
__Lcomram                                       comram       000000
__Lconfig                                       config       000000
__Lconst                                        const        000000
__LcstackBANK0                                  cstackBANK0  000000
__LcstackBANK1                                  cstackBANK1  000000
__LcstackCOMRAM                                 cstackCOMRAM 000000
__Ldata                                         data         000000
__LdataBANK0                                    dataBANK0    000000
__LdataCOMRAM                                   dataCOMRAM   000000
__Leeprom_data                                  eeprom_data  000000
__Lfarbss                                       farbss       000000
__Lfardata                                      fardata      000000
__Lheap                                         heap         000000
__Libigdata                                     ibigdata     000000
__Lidata                                        idata        000000
__LidataBANK0                                   idataBANK0   000000
__LidataCOMRAM                                  idataCOMRAM  000000
__Lidloc                                        idloc        000000
__Lifardata                                     ifardata     000000
__Linit                                         init         00007A
__Lintcode                                      intcode      000008
__Lintcode_body                                 intcode_body 000000
__Lintcodelo                                    intcodelo    000018
__Lintentry                                     intentry     000000
__Lintret                                       intret       000000
__Lintsave_regs                                 intsave_regs 000000
__Lirdata                                       irdata       000000
__Lmediumconst                                  mediumconst  000000
__LnvFARRAM                                     nvFARRAM     000000
__Lnvbit                                        nvbit        000000
__Lnvrram                                       nvrram       000000
__Lparam                                        rparam       000000
__Lpowerup                                      powerup      000000
__Lram                                          ram          000000
__Lramtop                                       ramtop       000600
__Lrbit                                         rbit         000000
__Lrbss                                         rbss         000000
__Lrdata                                        rdata        000000
__Lreset_vec                                    reset_vec    000000
__Lrparam                                       rparam       000000
__Lsfr                                          sfr          000000
__Lsivt_hi                                      sivt_hi      000000
__Lsivt_lo                                      sivt_lo      00007A
__Lsmallconst                                   smallconst   000600
__Lspace_0                                      (abs)        000000
__Lspace_1                                      (abs)        000000
__Lspace_2                                      (abs)        000000
__Lspace_4                                      (abs)        000000
__Lstack                                        stack        000000
__Lstruct                                       struct       000000
__Ltemp                                         temp         000071
__Ltext                                         text         000000
__Ltext0                                        text0        000000
__Ltext1                                        text1        000000
__Ltext10                                       text10       000000
__Ltext11                                       text11       000000
__Ltext12                                       text12       000000
__Ltext13                                       text13       000000
__Ltext14                                       text14       000000
__Ltext15                                       text15       000000
__Ltext16                                       text16       000000
__Ltext17                                       text17       000000
__Ltext18                                       text18       000000
__Ltext19                                       text19       000000
__Ltext2                                        text2        000000
__Ltext20                                       text20       000000
__Ltext21                                       text21       000000
__Ltext22                                       text22       000000
__Ltext23                                       text23       000000
__Ltext24                                       text24       000000
__Ltext25                                       text25       000000
__Ltext26                                       text26       000000
__Ltext28                                       text28       000000
__Ltext29                                       text29       000000
__Ltext3                                        text3        000000
__Ltext30                                       text30       000000
__Ltext31                                       text31       000000
__Ltext32                                       text32       000000
__Ltext33                                       text33       000000
__Ltext34                                       text34       000000
__Ltext35                                       text35       000000
__Ltext36                                       text36       000000
__Ltext37                                       text37       000000
__Ltext38                                       text38       000000
__Ltext39                                       text39       000000
__Ltext4                                        text4        000000
__Ltext40                                       text40       000000
__Ltext41                                       text41       000000
__Ltext42                                       text42       000000
__Ltext43                                       text43       000000
__Ltext44                                       text44       000000
__Ltext45                                       text45       000000
__Ltext5                                        text5        000000
__Ltext6                                        text6        000000
__Ltext7                                        text7        000000
__Ltext8                                        text8        000000
__Ltext9                                        text9        000000
__S0                                            (abs)        002BE6
__S1                                            (abs)        000280
__S4                                            (abs)        000000
__S5                                            (abs)        000000
___aldiv                                        text5        001F9E
___aldiv@counter                                cstackBANK0  0000E8
___aldiv@dividend                               cstackBANK0  0000E0
___aldiv@divisor                                cstackBANK0  0000E4
___aldiv@quotient                               cstackBANK0  0000EA
___aldiv@sign                                   cstackBANK0  0000E9
___awmod                                        text22       002240
___awmod@counter                                cstackBANK0  0000F6
___awmod@dividend                               cstackBANK0  0000F2
___awmod@divisor                                cstackBANK0  0000F4
___awmod@sign                                   cstackBANK0  0000F7
___heap_hi                                      (abs)        000000
___heap_lo                                      (abs)        000000
___inthi_sp                                     stack        000000
___inthi_stack_hi                               stack        000000
___inthi_stack_lo                               stack        000000
___intlo_sp                                     stack        000000
___intlo_stack_hi                               stack        000000
___intlo_stack_lo                               stack        000000
___lmul                                         text18       0027F2
___lmul@multiplicand                            cstackBANK0  0000E4
___lmul@multiplier                              cstackBANK0  0000E0
___lmul@product                                 cstackBANK0  0000E8
___param_bank                                   (abs)        000000
___rparam_used                                  (abs)        000001
___sp                                           stack        000000
___stack_hi                                     stack        000000
___stack_lo                                     stack        000000
__accesstop                                     (abs)        000080
__activetblptr                                  (abs)        000002
__end_of_Lo_ISR                                 intcodelo    00007A
__end_of_MAX7219_Init                           text24       002710
__end_of_MAX7219_Write_All                      text25       002ADA
__end_of_MCU_Init                               text23       002BAA
__end_of_SPI_Write_Byte                         text26       0029F0
__end_of___aldiv                                text5        0020AA
__end_of___awmod                                text22       0022F0
__end_of___lmul                                 text18       00285E
__end_of__initialization                        cinit        00252C
__end_of_check_for_full_rows                    text20       000A28
__end_of_check_inputs                           text8        000830
__end_of_compose_board                          text7        000FE2
__end_of_current_block_is_in_illegal_position   text19       001900
__end_of_drop_block_from_sky                    text15       001D7C
__end_of_game_step                              text6        002A92
__end_of_generate_garbage                       text10       00242E
__end_of_main                                   text0        001B54
__end_of_memmove                                text14       0011A0
__end_of_memset                                 text13       002B14
__end_of_onReadChar                             text45       002BE6
__end_of_onReadLine                             text31       002B78
__end_of_processSerialReceive                   text28       0014EA
__end_of_rand                                   text17       0027F2
__end_of_reset_game                             text12       002176
__end_of_rotate_current_block                   text9        000E04
__end_of_serialBegin                            text4        00134A
__end_of_serialPrint                            text3        002A4A
__end_of_serialRead                             text30       002BE4
__end_of_serialWrite                            text29       002BC0
__end_of_set_current_block                      text16       00269C
__end_of_solidify_current_block                 text11       001C68
__end_of_srand                                  text2        002B94
__end_of_update_display                         text1        0017C6
__end_of_update_score                           text21       0025B2
__end_ofi1___awmod                              text44       00239E
__end_ofi1___lmul                               text40       002934
__end_ofi1_check_for_full_rows                  text42       000C18
__end_ofi1_current_block_is_in_illegal_position text41       001A38
__end_ofi1_drop_block_from_sky                  text37       001F9E
__end_ofi1_generate_garbage                     text32       0024BA
__end_ofi1_memmove                              text36       001662
__end_ofi1_memset                               text35       002B4C
__end_ofi1_rand                                 text39       0028CA
__end_ofi1_reset_game                           text34       002240
__end_ofi1_set_current_block                    text38       002782
__end_ofi1_solidify_current_block               text33       001E8E
__end_ofi1_update_score                         text43       002628
__initialization                                cinit        0024BA
__mediumconst                                   smallconst   000600
__pbssBANK0                                     bssBANK0     0000FA
__pbssBANK1                                     bssBANK1     000100
__pbssBANK2                                     bssBANK2     000200
__pbssCOMRAM                                    bssCOMRAM    00003E
__pcinit                                        cinit        0024BA
__pcstackBANK0                                  cstackBANK0  0000E0
__pcstackBANK1                                  cstackBANK1  0001D0
__pcstackCOMRAM                                 cstackCOMRAM 000001
__pdataBANK0                                    dataBANK0    000080
__pdataCOMRAM                                   dataCOMRAM   00005F
__pidataBANK0                                   idataBANK0   002934
__pidataCOMRAM                                  idataCOMRAM  002BC0
__pintcodelo                                    intcodelo    000018
__psmallconst                                   smallconst   000600
__ptext0                                        text0        001A38
__ptext1                                        text1        001662
__ptext10                                       text10       00239E
__ptext11                                       text11       001B54
__ptext12                                       text12       0020AA
__ptext13                                       text13       002ADA
__ptext14                                       text14       000FE2
__ptext15                                       text15       001C68
__ptext16                                       text16       002628
__ptext17                                       text17       002782
__ptext18                                       text18       0027F2
__ptext19                                       text19       0017C6
__ptext2                                        text2        002B78
__ptext20                                       text20       000830
__ptext21                                       text21       00253A
__ptext22                                       text22       002240
__ptext23                                       text23       002B94
__ptext24                                       text24       00269C
__ptext25                                       text25       002A92
__ptext26                                       text26       002994
__ptext28                                       text28       00134A
__ptext29                                       text29       002BAA
__ptext3                                        text3        0029F0
__ptext30                                       text30       002BD2
__ptext31                                       text31       002B4C
__ptext32                                       text32       00242E
__ptext33                                       text33       001D7C
__ptext34                                       text34       002176
__ptext35                                       text35       002B14
__ptext36                                       text36       0014EA
__ptext37                                       text37       001E8E
__ptext38                                       text38       002710
__ptext39                                       text39       00285E
__ptext4                                        text4        0011A0
__ptext40                                       text40       0028CA
__ptext41                                       text41       001900
__ptext42                                       text42       000A28
__ptext43                                       text43       0025B2
__ptext44                                       text44       0022F0
__ptext45                                       text45       002BE4
__ptext5                                        text5        001F9E
__ptext6                                        text6        002A4A
__ptext7                                        text7        000E04
__ptext8                                        text8        00061C
__ptext9                                        text9        000C18
__ramtop                                        ramtop       000600
__smallconst                                    smallconst   000600
_block_I                                        dataCOMRAM   000061
_block_J                                        dataBANK0    000090
_block_L                                        dataBANK0    000080
_block_O                                        dataBANK0    0000D0
_block_S                                        dataBANK0    0000B0
_block_T                                        dataBANK0    0000C0
_block_Z                                        dataBANK0    0000A0
_block_location_x                               bssCOMRAM    000052
_block_location_y                               bssCOMRAM    000050
_board                                          bssBANK2     000200
_check_for_full_rows                            text20       000830
_check_inputs                                   text8        00061C
_compose_board                                  text7        000E04
_current_block                                  bssCOMRAM    00003E
_current_block_is_in_illegal_position           text19       0017C6
_current_block_type                             bssCOMRAM    000058
_display_matrix                                 bssBANK1     000110
_drop_block_from_sky                            text15       001C68
_game_speed_ticks                               dataCOMRAM   000060
_game_step                                      text6        002A4A
_gap_position                                   bssBANK0     0000FA
_generate_garbage                               text10       00239E
_main                                           text0        001A38
_memmove                                        text14       000FE2
_memset                                         text13       002ADA
_onReadChar                                     text45       002BE4
_onReadLine                                     text31       002B4C
_prev_rb0                                       bssCOMRAM    000057
_prev_rb1                                       bssCOMRAM    000056
_prev_rb2                                       bssCOMRAM    000055
_prev_rb3                                       bssCOMRAM    000054
_prev_rb4                                       dataCOMRAM   00005F
_processSerialReceive                           text28       00134A
_rand                                           text17       002782
_reset_game                                     text12       0020AA
_rotate_current_block                           text9        000C18
_score                                          bssCOMRAM    00004E
_seed                                           bssCOMRAM    00005B
_serialBegin                                    text4        0011A0
_serialBuffer                                   bssBANK1     000190
_serialBufferLen                                bssCOMRAM    00005A
_serialLastChar                                 bssCOMRAM    000059
_serialOnReadChar                               bssBANK0     0000FC
_serialOnReadLine                               bssBANK0     0000FE
_serialPrint                                    text3        0029F0
_serialPrintfCache                              bssBANK1     000100
_serialRead                                     text30       002BD2
_serialWrite                                    text29       002BAA
_set_current_block                              text16       002628
_solidify_current_block                         text11       001B54
_srand                                          text2        002B78
_update_display                                 text1        001662
_update_score                                   text21       00253A
btemp                                           temp         000071
check_for_full_rows@i                           cstackBANK1  0001DF
check_for_full_rows@j                           cstackBANK1  0001D9
check_for_full_rows@j_943                       cstackBANK1  0001E1
check_for_full_rows@j_944                       cstackBANK1  0001DD
check_for_full_rows@n                           cstackBANK1  0001DB
check_for_full_rows@row_is_full                 cstackBANK1  0001D8
compose_board@i                                 cstackBANK0  0000EC
compose_board@i_955                             cstackBANK0  0000F0
compose_board@j                                 cstackBANK0  0000EE
compose_board@j_956                             cstackBANK0  0000F2
compose_board@x                                 cstackBANK0  0000E8
compose_board@y                                 cstackBANK0  0000EA
current_block_is_in_illegal_position@i          cstackBANK0  0000E8
current_block_is_in_illegal_position@j          cstackBANK0  0000EA
current_block_is_in_illegal_position@x          cstackBANK0  0000E4
current_block_is_in_illegal_position@y          cstackBANK0  0000E6
drop_block_from_sky@r                           cstackBANK0  0000F8
end_of_initialization                           cinit        00252C
generate_garbage@line_count                     cstackBANK1  0001E3
i1___awmod                                      text44       0022F0
i1___awmod@counter                              cstackCOMRAM 000017
i1___awmod@dividend                             cstackCOMRAM 000013
i1___awmod@divisor                              cstackCOMRAM 000015
i1___awmod@sign                                 cstackCOMRAM 000018
i1___lmul                                       text40       0028CA
i1___lmul@multiplicand                          cstackCOMRAM 000005
i1___lmul@multiplier                            cstackCOMRAM 000001
i1___lmul@product                               cstackCOMRAM 000009
i1_check_for_full_rows                          text42       000A28
i1_current_block_is_in_illegal_position         text41       001900
i1_drop_block_from_sky                          text37       001E8E
i1_generate_garbage                             text32       00242E
i1_memmove                                      text36       0014EA
i1_memset                                       text35       002B14
i1_rand                                         text39       00285E
i1_reset_game                                   text34       002176
i1_set_current_block                            text38       002710
i1_solidify_current_block                       text33       001D7C
i1_update_score                                 text43       0025B2
i1check_for_full_rows@i                         cstackCOMRAM 000028
i1check_for_full_rows@j                         cstackCOMRAM 000022
i1check_for_full_rows@j_943                     cstackCOMRAM 00002A
i1check_for_full_rows@j_944                     cstackCOMRAM 000026
i1check_for_full_rows@n                         cstackCOMRAM 000024
i1check_for_full_rows@row_is_full               cstackCOMRAM 000021
i1current_block_is_in_illegal_position@i        cstackCOMRAM 000009
i1current_block_is_in_illegal_position@j        cstackCOMRAM 00000B
i1current_block_is_in_illegal_position@x        cstackCOMRAM 000005
i1current_block_is_in_illegal_position@y        cstackCOMRAM 000007
i1drop_block_from_sky@r                         cstackCOMRAM 000019
i1generate_garbage@line_count                   cstackCOMRAM 00002C
i1memmove@c                                     cstackCOMRAM 000019
i1memmove@d                                     cstackCOMRAM 00001D
i1memmove@d1                                    cstackCOMRAM 000001
i1memmove@n                                     cstackCOMRAM 000005
i1memmove@s                                     cstackCOMRAM 00001A
i1memmove@s1                                    cstackCOMRAM 000003
i1memset@c                                      cstackCOMRAM 000003
i1memset@dest                                   cstackCOMRAM 000001
i1memset@n                                      cstackCOMRAM 000005
i1memset@p                                      cstackCOMRAM 000007
i1reset_game@i                                  cstackCOMRAM 00000B
i1reset_game@j                                  cstackCOMRAM 00000D
i1set_current_block@b                           cstackCOMRAM 000001
i1set_current_block@i                           cstackCOMRAM 000002
i1set_current_block@j                           cstackCOMRAM 000004
i1solidify_current_block@i                      cstackCOMRAM 000009
i1solidify_current_block@j                      cstackCOMRAM 00000B
i1solidify_current_block@x                      cstackCOMRAM 000005
i1solidify_current_block@y                      cstackCOMRAM 000007
i1update_score@i                                cstackCOMRAM 000005
i1update_score@n                                cstackCOMRAM 000003
i1update_score@x                                cstackCOMRAM 000001
int$flags                                       temp         000071
intlevel0                                       text         000000
intlevel1                                       text         000000
intlevel2                                       text         000000
intlevel3                                       text         000000
isa$std                                         (abs)        000001
isa$xinst                                       (abs)        000000
main@row                                        cstackBANK1  0001E8
main@t                                          cstackBANK1  0001E7
memmove@c                                       cstackBANK1  0001D0
memmove@d                                       cstackBANK1  0001D4
memmove@d1                                      cstackBANK0  0000E0
memmove@n                                       cstackBANK0  0000E4
memmove@s                                       cstackBANK1  0001D1
memmove@s1                                      cstackBANK0  0000E2
memset@c                                        cstackBANK0  0000E2
memset@dest                                     cstackBANK0  0000E0
memset@n                                        cstackBANK0  0000E4
memset@p                                        cstackBANK0  0000E6
onReadLine@len                                  cstackCOMRAM 000030
onReadLine@line                                 cstackCOMRAM 00002E
processSerialReceive@c                          cstackCOMRAM 000032
reset_game@i                                    cstackBANK0  0000EA
reset_game@j                                    cstackBANK0  0000EC
rotate_current_block@d                          cstackBANK0  0000E1
rotate_current_block@i                          cstackBANK0  0000EB
rotate_current_block@i_923                      cstackBANK0  0000ED
rotate_current_block@j                          cstackBANK0  0000E9
rotate_current_block@j_924                      cstackBANK0  0000E5
rotate_current_block@k                          cstackBANK0  0000E7
rotate_current_block@temp                       cstackBANK0  0000E2
rotate_current_block@temp_926                   cstackBANK0  0000E3
rotate_current_block@temp_927                   cstackBANK0  0000E4
serialBegin@baudRate                            cstackBANK0  0000EE
serialBegin@baudRateGenerator                   cstackBANK0  0000F4
serialBegin@receiveInterruptPriority            cstackBANK0  0000F2
serialPrint@i                                   cstackBANK0  0000E2
serialPrint@text                                cstackBANK0  0000E0
serialWrite@c                                   cstackCOMRAM 000001
set_current_block@b                             cstackBANK0  0000E0
set_current_block@i                             cstackBANK0  0000E1
set_current_block@j                             cstackBANK0  0000E3
solidify_current_block@i                        cstackBANK0  0000E8
solidify_current_block@j                        cstackBANK0  0000EA
solidify_current_block@x                        cstackBANK0  0000E4
solidify_current_block@y                        cstackBANK0  0000E6
srand@s                                         cstackBANK0  0000E0
stackhi                                         (abs)        000000
stacklo                                         (abs)        000000
start                                           init         00007A
start_initialization                            cinit        0024BA
ttemp5                                          temp         000072
ttemp6                                          temp         000075
ttemp7                                          temp         000079
update_display@col                              cstackBANK0  0000EB
update_display@col_884                          cstackBANK0  0000ED
update_display@pattern_bot                      cstackBANK0  0000E9
update_display@pattern_top                      cstackBANK0  0000EA
update_display@row_addr                         cstackBANK0  0000EF
update_score@i                                  cstackBANK0  0000E4
update_score@n                                  cstackBANK0  0000E2
update_score@x                                  cstackBANK0  0000E0
wtemp8                                          temp         000072


MODULE INFORMATION

Module		Function		Class		Link	Load	Size
./helpers.h
		_compose_board 		CODE           	0E04	0000	478
		_current_block_is_in_illegal_position		CODE           	17C6	0000	314
		_rotate_current_block		CODE           	0C18	0000	492
		_drop_block_from_sky		CODE           	1C68	0000	276
		_solidify_current_block		CODE           	1B54	0000	276
		_check_for_full_rows		CODE           	0830	0000	504
		_game_step     		CODE           	2A4A	0000	72
		_update_score  		CODE           	253A	0000	120
		_set_current_block		CODE           	2628	0000	116
		_reset_game    		CODE           	20AA	0000	204
		_generate_garbage		CODE           	239E	0000	144

./helpers.h estimated size: 2996

tetris.c
		_onReadChar    		CODE           	2BE4	0000	2
		_Lo_ISR        		CODE           	0018	0000	98
		_onReadLine    		CODE           	2B4C	0000	44
		_main          		CODE           	1A38	0000	284
		_check_inputs  		CODE           	061C	0000	532

tetris.c estimated size: 960

C:\Program Files\Microchip\xc8\v3.00\pic\sources\c99\common\rand.c
		_srand         		CODE           	2B78	0000	28
		_rand          		CODE           	2782	0000	112

C:\Program Files\Microchip\xc8\v3.00\pic\sources\c99\common\rand.c estimated size: 140

C:\Program Files\Microchip\xc8\v3.00\pic\sources\c99\common\awmod.c
		___awmod       		CODE           	2240	0000	176

C:\Program Files\Microchip\xc8\v3.00\pic\sources\c99\common\awmod.c estimated size: 176

C:\Program Files\Microchip\xc8\v3.00\pic\sources\c99\common\Umul32.c
		___lmul        		CODE           	27F2	0000	108

C:\Program Files\Microchip\xc8\v3.00\pic\sources\c99\common\Umul32.c estimated size: 108

shared
		i1_update_score		CODE           	25B2	0000	118
		i1_set_current_block		CODE           	2710	0000	114
		i1_drop_block_from_sky		CODE           	1E8E	0000	272
		i1_generate_garbage		CODE           	242E	0000	140
		i1_rand        		CODE           	285E	0000	108
		i1_check_for_full_rows		CODE           	0A28	0000	496
		__initialization		CODE           	24BA	0000	114
		i1___lmul      		CODE           	28CA	0000	106
		i1_current_block_is_in_illegal_position		CODE           	1900	0000	312
		i1___awmod     		CODE           	22F0	0000	174
		i1_reset_game  		CODE           	2176	0000	202
		i1_memmove     		CODE           	14EA	0000	376
		i1_memset      		CODE           	2B14	0000	56
		i1_solidify_current_block		CODE           	1D7C	0000	274

shared estimated size: 2862

C:\Program Files\Microchip\xc8\v3.00\pic\sources\c99\common\memmove.c
		_memmove       		CODE           	0FE2	0000	446

C:\Program Files\Microchip\xc8\v3.00\pic\sources\c99\common\memmove.c estimated size: 446

C:\Program Files\Microchip\xc8\v3.00\pic\sources\c99\common\memset.c
		_memset        		CODE           	2ADA	0000	58

C:\Program Files\Microchip\xc8\v3.00\pic\sources\c99\common\memset.c estimated size: 58

./display.h
		_MAX7219_Init  		CODE           	269C	0000	116
		_MAX7219_Write_All		CODE           	2A92	0000	72
		_SPI_Write_Byte		CODE           	2994	0000	92
		_update_display		CODE           	1662	0000	356
		_MCU_Init      		CODE           	2B94	0000	22

./display.h estimated size: 658

./lib.h
		_serialWrite   		CODE           	2BAA	0000	22
		_processSerialReceive		CODE           	134A	0000	416
		_serialPrint   		CODE           	29F0	0000	90
		_serialRead    		CODE           	2BD2	0000	18
		_serialBegin   		CODE           	11A0	0000	426

./lib.h estimated size: 972

C:\Program Files\Microchip\xc8\v3.00\pic\sources\c99\common\aldiv.c
		___aldiv       		CODE           	1F9E	0000	268

C:\Program Files\Microchip\xc8\v3.00\pic\sources\c99\common\aldiv.c estimated size: 268

