Microchip MPLAB XC8 Compiler V3.00

Linker command line:

-W-3 \
  --edf=C:\Program Files\Microchip\xc8\v3.00\pic\dat\20241204225717_en.msgs \
  -cn -h+dist/default/debug\Tetris_Master.X.debug.sym \
  --cmf=dist/default/debug\Tetris_Master.X.debug.cmf -z -Q18F4520 \
  -oC:\Users\willi\AppData\Local\Temp\xcAs27ts.\driver_tmp_3.o \
  --defsym=__MPLAB_BUILD=1 --fixupoverflow=error \
  -Mdist/default/debug/Tetris_Master.X.debug.map \
  --md=C:\Users\willi\AppData\Local\Temp\xcAs27ts.\driver_tmp_0.dat -E1 \
  -ver=XC8 Compiler -ACODE=00h-07DBFh -ACONST=00h-07DBFh \
  -ASMALLCONST=0600h-06FFhx119,07D00h-07DBFh -AMEDIUMCONST=0600h-07DBFh \
  -ACOMRAM=01h-07Fh -AABS1=00h-05F3h -ABIGRAM=01h-05F3h \
  -ARAM=080h-0FFh,0100h-01FFhx4,0500h-05F3h -ABANK0=080h-0FFh \
  -ABANK1=0100h-01FFh -ABANK2=0200h-02FFh -ABANK3=0300h-03FFh \
  -ABANK4=0400h-04FFh -ABANK5=0500h-05F3h \
  -ASFR=0F80h-0F9Bh,0F9Dh-0FD3h,0FD5h-0FDAh,0FE0h-0FE2h,0FE8h-0FEAh,0FF0h-0FFCh \
  -ABIGSFR=0F80h-0F9Bh,0F9Dh-0FD3h,0FD5h-0FDAh,0FE0h-0FE2h,0FE8h-0FEAh,0FF0h-0FFCh \
  -ACONFIG=0300000h-030000Dh -AIDLOC=0200000h-0200007h \
  -AEEDATA=0F00000h-0F000FFh -peeprom_data=EEDATA \
  -preset_vec=00h,intcode=8h,intcodelo=18h,sivt_lo,sivt_hi=CODE \
  -ppowerup=CODE,init -pramtop=0600h -psmallconst=SMALLCONST \
  -pmediumconst=MEDIUMCONST -pconst=CONST -AFARRAM=00h-00h \
  -prdata=COMRAM,nvrram=COMRAM,nvbit=COMRAM,rbss=COMRAM,rbit=COMRAM \
  -pfarbss=FARRAM,fardata=FARRAM,nvFARRAM=FARRAM \
  -pintsave_regs=BIGRAM,bigbss=BIGRAM,bigdata=BIGRAM -pbss=RAM \
  -pidata=CODE,irdata=CODE,ibigdata=CODE,ifardata=CODE -prparam=COMRAM \
  C:\Users\willi\AppData\Local\Temp\xcAs27ts.\driver_tmp_14.o \
  dist/default/debug\Tetris_Master.X.debug.o 

Object code version is 3.11

Machine type is 18F4520



                Name                               Link     Load   Length Selector   Space Scale
C:\Users\willi\AppData\Local\Temp\xcAs27ts.\driver_tmp_14.o
                idloc                            200000   200000        8        0       5
                config                           300000   300000        E        0       4
                init                                 8A       8A        4        C       0
                reset_vec                             0        0        4        0       0
dist/default/debug\Tetris_Master.X.debug.o
                intcodelo                            18       18       72        C       0
                idloc                            200000   200000        8        0       5
                config                           300000   300000        E        0       4
                temp                                 74       74        1        1       1
                mediumconst                        78B0     78B0      510     3C58       0
                text67                             269E     269E      178        C       0
                text66                             4200     4200       38        C       0
                text65                             3B44     3B44       8A        C       0
                text64                             3210     3210       C2        C       0
                text63                             370C     370C       AE        C       0
                text62                             426E     426E       34        C       0
                text61                             435A     435A        2     21AB       0
                text60                             338E     338E       BA        C       0
                text59                             1FF8     1FF8      1E0        C       0
                text58                             417E     417E       42        C       0
                text57                             41C0     41C0       40        C       0
                text56                             3C46     3C46       76        C       0
                text55                             15FE     15FE      226        C       0
                text54                             2AD6     2AD6      158        C       0
                text53                             3E78     3E78       6A        C       0
                text52                             3E0C     3E0C       6C        C       0
                text51                             365E     365E       AE        C       0
                text50                             13B0     13B0      24E        C       0
                text49                             3990     3990       98        C       0
                text48                             2D60     2D60      132        C       0
                text47                             3AB8     3AB8       8C        C       0
                text46                             1E0E     1E0E      1EA        C       0
                text45                             385A     385A       9E        C       0
                text44                             4358     4358        2     21AB       0
                text43                             4338     4338       12        C       0
                text42                             4322     4322       16        C       0
                text41                             2382     2382      194        C       0
                text39                             42A2     42A2       2E        C       0
                text38                             4062     4062       4A        C       0
                text37                             2516     2516      188        C       0
                text36                             3DA0     3DA0       6C        C       0
                text35                             37BA     37BA       A0        C       0
                text34                               8E       8E      502        C       0
                text33                             4006     4006       5C        C       0
                text32                             40AC     40AC       48        C       0
                text31                             3CBC     3CBC       74        C       0
                text30                             430C     430C       16        C       0
                text29                             2816     2816      168        C       0
                text28                              590      590      356        C       0
                text27                             35AE     35AE       B0        C       0
                text26                             3D30     3D30       70        C       0
                text25                             34FE     34FE       B0        C       0
                text24                             115E     115E      252        C       0
                text23                             307A     307A       D2        C       0
                text22                             3EE2     3EE2       66        C       0
                text21                             297E     297E      158        C       0
                text20                              8E6      8E6      354        C       0
                text19                             1824     1824      216        C       0
                text18                             2F9E     2F9E       DC        C       0
                text17                             3A28     3A28       90        C       0
                text16                             314C     314C       C4        C       0
                text15                             4238     4238       36        C       0
                text14                             4356     4356        2     21AB       0
                text13                             32D2     32D2       BC        C       0
                text12                             1C24     1C24      1EA        C       0
                text11                             40F4     40F4       46        C       0
                text10                             413A     413A       44        C       0
                text9                              3BCE     3BCE       78        C       0
                text8                               F00      F00      25E        C       0
                text7                              1A3A     1A3A      1EA        C       0
                text6                              2C2E     2C2E      132        C       0
                text5                              3F48     3F48       60        C       0
                text4                              38F8     38F8       98        C       0
                text3                              2E92     2E92      10C        C       0
                text2                              21D8     21D8      1AA        C       0
                text1                              42F0     42F0       1C        C       0
                text0                               C3A      C3A      2C6        C       0
                cstackCOMRAM                          1        1       5A        1       1
                cstackBANK0                          80       80       59       80       1
                cstackBANK3                         300      300       1E      300       1
                dataBANK2                           2E0      2E0       20      200       1
                bssBANK2                            200      200       E0      200       1
                dataBANK1                           1A0      1A0       5E      100       1
                bssBANK1                            100      100       A0      100       1
                dataBANK0                            E9       E9        9       80       1
                bssBANK0                             D9       D9       10       80       1
                dataCOMRAM                           72       72        2        1       1
                bssCOMRAM                            5B       5B       17        1       1
                cinit                              3448     3448       B6        C       0
                idataBANK2                         42D0     42D0       20        C       0
                idataBANK1                         3FA8     3FA8       5E        C       0
                idataBANK0                         434A     434A        9        C       0
                idataCOMRAM                        4353     4353        2        C       0

TOTAL           Name                               Link     Load   Length     Space
        CLASS   CODE           
                intcodelo                            18       18       72         0
                init                                 8A       8A        4         0
                reset_vec                             0        0        4         0
                text67                             269E     269E      178         0
                text66                             4200     4200       38         0
                text65                             3B44     3B44       8A         0
                text64                             3210     3210       C2         0
                text63                             370C     370C       AE         0
                text62                             426E     426E       34         0
                text61                             435A     435A        2         0
                text60                             338E     338E       BA         0
                text59                             1FF8     1FF8      1E0         0
                text58                             417E     417E       42         0
                text57                             41C0     41C0       40         0
                text56                             3C46     3C46       76         0
                text55                             15FE     15FE      226         0
                text54                             2AD6     2AD6      158         0
                text53                             3E78     3E78       6A         0
                text52                             3E0C     3E0C       6C         0
                text51                             365E     365E       AE         0
                text50                             13B0     13B0      24E         0
                text49                             3990     3990       98         0
                text48                             2D60     2D60      132         0
                text47                             3AB8     3AB8       8C         0
                text46                             1E0E     1E0E      1EA         0
                text45                             385A     385A       9E         0
                text44                             4358     4358        2         0
                text43                             4338     4338       12         0
                text42                             4322     4322       16         0
                text41                             2382     2382      194         0
                text39                             42A2     42A2       2E         0
                text38                             4062     4062       4A         0
                text37                             2516     2516      188         0
                text36                             3DA0     3DA0       6C         0
                text35                             37BA     37BA       A0         0
                text34                               8E       8E      502         0
                text33                             4006     4006       5C         0
                text32                             40AC     40AC       48         0
                text31                             3CBC     3CBC       74         0
                text30                             430C     430C       16         0
                text29                             2816     2816      168         0
                text28                              590      590      356         0
                text27                             35AE     35AE       B0         0
                text26                             3D30     3D30       70         0
                text25                             34FE     34FE       B0         0
                text24                             115E     115E      252         0
                text23                             307A     307A       D2         0
                text22                             3EE2     3EE2       66         0
                text21                             297E     297E      158         0
                text20                              8E6      8E6      354         0
                text19                             1824     1824      216         0
                text18                             2F9E     2F9E       DC         0
                text17                             3A28     3A28       90         0
                text16                             314C     314C       C4         0
                text15                             4238     4238       36         0
                text14                             4356     4356        2         0
                text13                             32D2     32D2       BC         0
                text12                             1C24     1C24      1EA         0
                text11                             40F4     40F4       46         0
                text10                             413A     413A       44         0
                text9                              3BCE     3BCE       78         0
                text8                               F00      F00      25E         0
                text7                              1A3A     1A3A      1EA         0
                text6                              2C2E     2C2E      132         0
                text5                              3F48     3F48       60         0
                text4                              38F8     38F8       98         0
                text3                              2E92     2E92      10C         0
                text2                              21D8     21D8      1AA         0
                text1                              42F0     42F0       1C         0
                text0                               C3A      C3A      2C6         0
                cinit                              3448     3448       B6         0
                idataBANK2                         42D0     42D0       20         0
                idataBANK1                         3FA8     3FA8       5E         0
                idataBANK0                         434A     434A        9         0
                idataCOMRAM                        4353     4353        2         0

        CLASS   CONST          

        CLASS   SMALLCONST     

        CLASS   MEDIUMCONST    
                mediumconst                        78B0     78B0      510         0

        CLASS   COMRAM         
                temp                                 74       74        1         1
                cstackCOMRAM                          1        1       5A         1
                dataCOMRAM                           72       72        2         1
                bssCOMRAM                            5B       5B       17         1

        CLASS   ABS1           

        CLASS   BIGRAM         

        CLASS   RAM            

        CLASS   BANK0          
                cstackBANK0                          80       80       59         1
                dataBANK0                            E9       E9        9         1
                bssBANK0                             D9       D9       10         1

        CLASS   BANK1          
                dataBANK1                           1A0      1A0       5E         1
                bssBANK1                            100      100       A0         1

        CLASS   BANK2          
                dataBANK2                           2E0      2E0       20         1
                bssBANK2                            200      200       E0         1

        CLASS   BANK3          
                cstackBANK3                         300      300       1E         1

        CLASS   BANK4          

        CLASS   BANK5          

        CLASS   SFR            

        CLASS   BIGSFR         

        CLASS   CONFIG         
                config                           300000   300000        E         4

        CLASS   IDLOC          
                idloc                            200000   200000        8         5

        CLASS   EEDATA         

        CLASS   FARRAM         

        CLASS   HEAP           

        CLASS   STACK          



SEGMENTS        Name                           Load    Length   Top    Selector   Space  Class

                reset_vec                      000000  000004  000004         0       0  CODE    
                cstackCOMRAM                   000001  000074  000075         1       1  COMRAM  
                intcodelo                      000018  00433D  004355         C       0  CODE    
                cstackBANK0                    000080  000072  0000F2        80       1  BANK0   
                bssBANK1                       000100  0000FE  0001FE       100       1  BANK1   
                bssBANK2                       000200  000100  000300       200       1  BANK2   
                cstackBANK3                    000300  00001E  00031E       300       1  BANK3   
                text14                         004356  000006  00435C      21AB       0  CODE    
                mediumconst                    0078B0  000510  007DC0      3C58       0  MEDIUMCO


UNUSED ADDRESS RANGES

        Name                Unused          Largest block    Delta
        BANK0            0000F2-0000FF                E
        BANK1            0001FE-0001FF                2
        BANK3            00031E-0003FF               E2
        BANK4            000400-0004FF              100
        BANK5            000500-0005F3               F4
        BIGRAM           000075-00007F                B
                         0000F2-0000FF                E
                         0001FE-0001FF                2
                         00031E-0005F3              2D6
        BIGSFR           000F80-000F9B               1C
                         000F9D-000FD3               37
                         000FD5-000FDA                6
                         000FE0-000FE2                3
                         000FE8-000FEA                3
                         000FF0-000FFC                D
        CODE             000004-000017               14
                         004355-004355                1
                         00435C-0078AF             3554
        COMRAM           000075-00007F                B
        CONST            000004-000017               14
                         004355-004355                1
                         00435C-0078AF             3554
        EEDATA           F00000-F000FF              100
        MEDIUMCONST      004355-004355                1
                         00435C-0078AF             3554
        RAM              0000F2-0000FF                E
                         0001FE-0001FF                2
                         00031E-0005F3              100
        SFR              000F80-000F9B               1C
                         000F9D-000FD3               37
                         000FD5-000FDA                6
                         000FE0-000FE2                3
                         000FE8-000FEA                3
                         000FF0-000FFC                D
        SMALLCONST       004355-004355                1
                         00435C-0078AF              100

                                  Symbol Table

?_ADC_Read                                      cstackBANK0  00008D
?_CalculateAlcoholLevel                         cstackBANK0  0000BF
?___aldiv                                       cstackBANK0  00008D
?___aodiv                                       cstackBANK0  0000A5
?___awdiv                                       cstackBANK0  00008D
?___awmod                                       cstackBANK0  00009F
?___lmul                                        cstackBANK0  00008D
?___omul                                        cstackBANK0  00008D
?_abs                                           cstackBANK0  0000A5
?_rand                                          cstackBANK0  000099
?_sprintf                                       cstackBANK0  0000BC
?_vfprintf                                      cstackBANK0  0000B6
?i1___awdiv                                     cstackCOMRAM 000001
?i1___awmod                                     cstackCOMRAM 000013
?i1___lmul                                      cstackCOMRAM 000001
?i1_abs                                         cstackCOMRAM 000019
?i1_rand                                        cstackCOMRAM 00000D
?i1_sprintf                                     cstackCOMRAM 000030
?i1_vfprintf                                    cstackCOMRAM 00002A
ADC_Read@ADC_result                             cstackBANK0  000093
CalculateAlcoholLevel@ADC_result                cstackBANK3  000306
CalculateAlcoholLevel@baseline                  cstackBANK3  000300
CalculateAlcoholLevel@delta                     cstackBANK3  00030A
CalculateAlcoholLevel@level                     cstackBANK3  000304
MAX7219_Init@i                                  cstackBANK0  000096
MAX7219_Write_All@data                          cstackBANK0  000092
MAX7219_Write_All@i                             cstackBANK0  000094
MAX7219_Write_All@reg                           cstackBANK0  000093
SPI_Write_Byte@data                             cstackBANK0  00008F
SPI_Write_Byte@i                                cstackBANK0  000090
ShowAlcoholLevelOnLED@_cnt                      cstackBANK3  000316
ShowAlcoholLevelOnLED@i                         cstackBANK3  00030E
ShowAlcoholLevelOnLED@j                         cstackBANK3  000310
ShowAlcoholLevelOnLED@level                     cstackBANK0  0000D1
ShowAlcoholLevelOnLED@t                         cstackBANK3  000312
ShowAlcoholLevelOnLED@t_1224                    cstackBANK3  000314
_ADCON0bits                                     (abs)        000FC2
_ADCON1                                         (abs)        000FC1
_ADCON1bits                                     (abs)        000FC1
_ADCON2bits                                     (abs)        000FC0
_ADC_Init                                       text39       0042A2
_ADC_Read                                       text38       004062
_ADRESH                                         (abs)        000FC4
_ADRESL                                         (abs)        000FC3
_BAUDCONbits                                    (abs)        000FB8
_CalculateAlcoholLevel                          text34       00008E
_INTCONbits                                     (abs)        000FF2
_IPR1bits                                       (abs)        000F9F
_LATCbits                                       (abs)        000F8B
_LATDbits                                       (abs)        000F8C
_Lo_ISR                                         intcodelo    000018
_MAX7219_Init                                   text31       003CBC
_MAX7219_Write_All                              text32       0040AC
_MCU_Init                                       text30       00430C
_OSCCON                                         (abs)        000FD3
_OSCCONbits                                     (abs)        000FD3
_PIE1bits                                       (abs)        000F9D
_PIR1bits                                       (abs)        000F9E
_PORTBbits                                      (abs)        000F81
_RCONbits                                       (abs)        000FD0
_RCREG                                          (abs)        000FAE
_RCSTAbits                                      (abs)        000FAB
_SPBRG                                          (abs)        000FAF
_SPBRGH                                         (abs)        000FB0
_SPI_Write_Byte                                 text33       004006
_ShowAlcoholLevelOnLED                          text28       000590
_TRISAbits                                      (abs)        000F92
_TRISBbits                                      (abs)        000F93
_TRISCbits                                      (abs)        000F94
_TRISDbits                                      (abs)        000F95
_TXREG                                          (abs)        000FAD
_TXSTAbits                                      (abs)        000FAC
__HRAM                                          (abs)        000000
__H__absolute__                                 __absolute__ 000000
__Habs1                                         abs1         000000
__Hbank0                                        bank0        000000
__Hbank1                                        bank1        000000
__Hbank2                                        bank2        000000
__Hbank3                                        bank3        000000
__Hbank4                                        bank4        000000
__Hbank5                                        bank5        000000
__Hbigbss                                       bigbss       000000
__Hbigdata                                      bigdata      000000
__Hbigram                                       bigram       000000
__Hbigsfr                                       bigsfr       000000
__Hbss                                          bss          000000
__HbssBANK0                                     bssBANK0     000000
__HbssBANK1                                     bssBANK1     000000
__HbssBANK2                                     bssBANK2     000000
__HbssCOMRAM                                    bssCOMRAM    000000
__Hcinit                                        cinit        000000
__Hclrtext                                      clrtext      000000
__Hcomram                                       comram       000000
__Hconfig                                       config       30000E
__Hconst                                        const        000000
__HcstackBANK0                                  cstackBANK0  000000
__HcstackBANK3                                  cstackBANK3  000000
__HcstackCOMRAM                                 cstackCOMRAM 000000
__Hdata                                         data         000000
__HdataBANK0                                    dataBANK0    000000
__HdataBANK1                                    dataBANK1    000000
__HdataBANK2                                    dataBANK2    000000
__HdataCOMRAM                                   dataCOMRAM   000000
__Heeprom_data                                  eeprom_data  000000
__Hfarbss                                       farbss       000000
__Hfardata                                      fardata      000000
__Hheap                                         heap         000000
__Hibigdata                                     ibigdata     000000
__Hidata                                        idata        000000
__HidataBANK0                                   idataBANK0   000000
__HidataBANK1                                   idataBANK1   000000
__HidataBANK2                                   idataBANK2   000000
__HidataCOMRAM                                  idataCOMRAM  000000
__Hidloc                                        idloc        200008
__Hifardata                                     ifardata     000000
__Hinit                                         init         00008E
__Hintcode                                      intcode      000008
__Hintcode_body                                 intcode_body 000000
__Hintcodelo                                    intcodelo    00008A
__Hintentry                                     intentry     000000
__Hintret                                       intret       000000
__Hintsave_regs                                 intsave_regs 000000
__Hirdata                                       irdata       000000
__Hmediumconst                                  mediumconst  007DC0
__HnvFARRAM                                     nvFARRAM     000000
__Hnvbit                                        nvbit        000000
__Hnvrram                                       nvrram       000000
__Hparam                                        rparam       000000
__Hpowerup                                      powerup      000000
__Hram                                          ram          000000
__Hramtop                                       ramtop       000600
__Hrbit                                         rbit         000000
__Hrbss                                         rbss         000000
__Hrdata                                        rdata        000000
__Hreset_vec                                    reset_vec    000004
__Hrparam                                       rparam       000000
__Hsfr                                          sfr          000000
__Hsivt_hi                                      sivt_hi      000000
__Hsivt_lo                                      sivt_lo      00008A
__Hsmallconst                                   smallconst   000000
__Hspace_0                                      (abs)        007DC0
__Hspace_1                                      (abs)        00031E
__Hspace_2                                      (abs)        000000
__Hspace_4                                      (abs)        60000E
__Hstack                                        stack        000000
__Hstruct                                       struct       000000
__Htemp                                         temp         000075
__Htext                                         text         000000
__Htext0                                        text0        000000
__Htext1                                        text1        000000
__Htext10                                       text10       000000
__Htext11                                       text11       000000
__Htext12                                       text12       000000
__Htext13                                       text13       000000
__Htext14                                       text14       000000
__Htext15                                       text15       000000
__Htext16                                       text16       000000
__Htext17                                       text17       000000
__Htext18                                       text18       000000
__Htext19                                       text19       000000
__Htext2                                        text2        000000
__Htext20                                       text20       000000
__Htext21                                       text21       000000
__Htext22                                       text22       000000
__Htext23                                       text23       000000
__Htext24                                       text24       000000
__Htext25                                       text25       000000
__Htext26                                       text26       000000
__Htext27                                       text27       000000
__Htext28                                       text28       000000
__Htext29                                       text29       000000
__Htext3                                        text3        000000
__Htext30                                       text30       000000
__Htext31                                       text31       000000
__Htext32                                       text32       000000
__Htext33                                       text33       000000
__Htext34                                       text34       000000
__Htext35                                       text35       000000
__Htext36                                       text36       000000
__Htext37                                       text37       000000
__Htext38                                       text38       000000
__Htext39                                       text39       000000
__Htext4                                        text4        000000
__Htext41                                       text41       000000
__Htext42                                       text42       000000
__Htext43                                       text43       000000
__Htext44                                       text44       000000
__Htext45                                       text45       000000
__Htext46                                       text46       000000
__Htext47                                       text47       000000
__Htext48                                       text48       000000
__Htext49                                       text49       000000
__Htext5                                        text5        000000
__Htext50                                       text50       000000
__Htext51                                       text51       000000
__Htext52                                       text52       000000
__Htext53                                       text53       000000
__Htext54                                       text54       000000
__Htext55                                       text55       000000
__Htext56                                       text56       000000
__Htext57                                       text57       000000
__Htext58                                       text58       000000
__Htext59                                       text59       000000
__Htext6                                        text6        000000
__Htext60                                       text60       000000
__Htext61                                       text61       000000
__Htext62                                       text62       000000
__Htext63                                       text63       000000
__Htext64                                       text64       000000
__Htext65                                       text65       000000
__Htext66                                       text66       000000
__Htext67                                       text67       000000
__Htext7                                        text7        000000
__Htext8                                        text8        000000
__Htext9                                        text9        000000
__LRAM                                          (abs)        000001
__L__absolute__                                 __absolute__ 000000
__Labs1                                         abs1         000000
__Lbank0                                        bank0        000000
__Lbank1                                        bank1        000000
__Lbank2                                        bank2        000000
__Lbank3                                        bank3        000000
__Lbank4                                        bank4        000000
__Lbank5                                        bank5        000000
__Lbigbss                                       bigbss       000000
__Lbigdata                                      bigdata      000000
__Lbigram                                       bigram       000000
__Lbigsfr                                       bigsfr       000000
__Lbss                                          bss          000000
__LbssBANK0                                     bssBANK0     000000
__LbssBANK1                                     bssBANK1     000000
__LbssBANK2                                     bssBANK2     000000
__LbssCOMRAM                                    bssCOMRAM    000000
__Lcinit                                        cinit        000000
__Lclrtext                                      clrtext      000000
__Lcomram                                       comram       000000
__Lconfig                                       config       000000
__Lconst                                        const        000000
__LcstackBANK0                                  cstackBANK0  000000
__LcstackBANK3                                  cstackBANK3  000000
__LcstackCOMRAM                                 cstackCOMRAM 000000
__Ldata                                         data         000000
__LdataBANK0                                    dataBANK0    000000
__LdataBANK1                                    dataBANK1    000000
__LdataBANK2                                    dataBANK2    000000
__LdataCOMRAM                                   dataCOMRAM   000000
__Leeprom_data                                  eeprom_data  000000
__Lfarbss                                       farbss       000000
__Lfardata                                      fardata      000000
__Lheap                                         heap         000000
__Libigdata                                     ibigdata     000000
__Lidata                                        idata        000000
__LidataBANK0                                   idataBANK0   000000
__LidataBANK1                                   idataBANK1   000000
__LidataBANK2                                   idataBANK2   000000
__LidataCOMRAM                                  idataCOMRAM  000000
__Lidloc                                        idloc        000000
__Lifardata                                     ifardata     000000
__Linit                                         init         00008A
__Lintcode                                      intcode      000008
__Lintcode_body                                 intcode_body 000000
__Lintcodelo                                    intcodelo    000018
__Lintentry                                     intentry     000000
__Lintret                                       intret       000000
__Lintsave_regs                                 intsave_regs 000000
__Lirdata                                       irdata       000000
__Lmediumconst                                  mediumconst  0078B0
__LnvFARRAM                                     nvFARRAM     000000
__Lnvbit                                        nvbit        000000
__Lnvrram                                       nvrram       000000
__Lparam                                        rparam       000000
__Lpowerup                                      powerup      000000
__Lram                                          ram          000000
__Lramtop                                       ramtop       000600
__Lrbit                                         rbit         000000
__Lrbss                                         rbss         000000
__Lrdata                                        rdata        000000
__Lreset_vec                                    reset_vec    000000
__Lrparam                                       rparam       000000
__Lsfr                                          sfr          000000
__Lsivt_hi                                      sivt_hi      000000
__Lsivt_lo                                      sivt_lo      00008A
__Lsmallconst                                   smallconst   000000
__Lspace_0                                      (abs)        000000
__Lspace_1                                      (abs)        000000
__Lspace_2                                      (abs)        000000
__Lspace_4                                      (abs)        000000
__Lstack                                        stack        000000
__Lstruct                                       struct       000000
__Ltemp                                         temp         000074
__Ltext                                         text         000000
__Ltext0                                        text0        000000
__Ltext1                                        text1        000000
__Ltext10                                       text10       000000
__Ltext11                                       text11       000000
__Ltext12                                       text12       000000
__Ltext13                                       text13       000000
__Ltext14                                       text14       000000
__Ltext15                                       text15       000000
__Ltext16                                       text16       000000
__Ltext17                                       text17       000000
__Ltext18                                       text18       000000
__Ltext19                                       text19       000000
__Ltext2                                        text2        000000
__Ltext20                                       text20       000000
__Ltext21                                       text21       000000
__Ltext22                                       text22       000000
__Ltext23                                       text23       000000
__Ltext24                                       text24       000000
__Ltext25                                       text25       000000
__Ltext26                                       text26       000000
__Ltext27                                       text27       000000
__Ltext28                                       text28       000000
__Ltext29                                       text29       000000
__Ltext3                                        text3        000000
__Ltext30                                       text30       000000
__Ltext31                                       text31       000000
__Ltext32                                       text32       000000
__Ltext33                                       text33       000000
__Ltext34                                       text34       000000
__Ltext35                                       text35       000000
__Ltext36                                       text36       000000
__Ltext37                                       text37       000000
__Ltext38                                       text38       000000
__Ltext39                                       text39       000000
__Ltext4                                        text4        000000
__Ltext41                                       text41       000000
__Ltext42                                       text42       000000
__Ltext43                                       text43       000000
__Ltext44                                       text44       000000
__Ltext45                                       text45       000000
__Ltext46                                       text46       000000
__Ltext47                                       text47       000000
__Ltext48                                       text48       000000
__Ltext49                                       text49       000000
__Ltext5                                        text5        000000
__Ltext50                                       text50       000000
__Ltext51                                       text51       000000
__Ltext52                                       text52       000000
__Ltext53                                       text53       000000
__Ltext54                                       text54       000000
__Ltext55                                       text55       000000
__Ltext56                                       text56       000000
__Ltext57                                       text57       000000
__Ltext58                                       text58       000000
__Ltext59                                       text59       000000
__Ltext6                                        text6        000000
__Ltext60                                       text60       000000
__Ltext61                                       text61       000000
__Ltext62                                       text62       000000
__Ltext63                                       text63       000000
__Ltext64                                       text64       000000
__Ltext65                                       text65       000000
__Ltext66                                       text66       000000
__Ltext67                                       text67       000000
__Ltext7                                        text7        000000
__Ltext8                                        text8        000000
__Ltext9                                        text9        000000
__S0                                            (abs)        007DC0
__S1                                            (abs)        00031E
__S4                                            (abs)        000000
__S5                                            (abs)        000000
___aldiv                                        text3        002E92
___aldiv@counter                                cstackBANK0  000095
___aldiv@dividend                               cstackBANK0  00008D
___aldiv@divisor                                cstackBANK0  000091
___aldiv@quotient                               cstackBANK0  000097
___aldiv@sign                                   cstackBANK0  000096
___aodiv                                        text37       002516
___aodiv@counter                                cstackBANK0  0000B5
___aodiv@dividend                               cstackBANK0  0000A5
___aodiv@divisor                                cstackBANK0  0000AD
___aodiv@quotient                               cstackBANK0  0000B7
___aodiv@sign                                   cstackBANK0  0000B6
___awdiv                                        text16       00314C
___awdiv@counter                                cstackBANK0  000091
___awdiv@dividend                               cstackBANK0  00008D
___awdiv@divisor                                cstackBANK0  00008F
___awdiv@quotient                               cstackBANK0  000093
___awdiv@sign                                   cstackBANK0  000092
___awmod                                        text27       0035AE
___awmod@counter                                cstackBANK0  0000A3
___awmod@dividend                               cstackBANK0  00009F
___awmod@divisor                                cstackBANK0  0000A1
___awmod@sign                                   cstackBANK0  0000A4
___heap_hi                                      (abs)        000000
___heap_lo                                      (abs)        000000
___inthi_sp                                     stack        000000
___inthi_stack_hi                               stack        000000
___inthi_stack_lo                               stack        000000
___intlo_sp                                     stack        000000
___intlo_stack_hi                               stack        000000
___intlo_stack_lo                               stack        000000
___lmul                                         text36       003DA0
___lmul@multiplicand                            cstackBANK0  000091
___lmul@multiplier                              cstackBANK0  00008D
___lmul@product                                 cstackBANK0  000095
___omul                                         text35       0037BA
___omul@multiplicand                            cstackBANK0  000095
___omul@multiplier                              cstackBANK0  00008D
___omul@product                                 cstackBANK0  00009D
___param_bank                                   (abs)        000000
___rparam_used                                  (abs)        000001
___sp                                           stack        000000
___stack_hi                                     stack        000000
___stack_lo                                     stack        000000
__accesstop                                     (abs)        000080
__activetblptr                                  (abs)        000002
__end_of_ADC_Init                               text39       0042D0
__end_of_ADC_Read                               text38       0040AC
__end_of_CalculateAlcoholLevel                  text34       000590
__end_of_Lo_ISR                                 intcodelo    00008A
__end_of_MAX7219_Init                           text31       003D30
__end_of_MAX7219_Write_All                      text32       0040F4
__end_of_MCU_Init                               text30       004322
__end_of_SPI_Write_Byte                         text33       004062
__end_of_ShowAlcoholLevelOnLED                  text28       0008E6
__end_of___aldiv                                text3        002F9E
__end_of___aodiv                                text37       00269E
__end_of___awdiv                                text16       003210
__end_of___awmod                                text27       00365E
__end_of___lmul                                 text36       003E0C
__end_of___omul                                 text35       00385A
__end_of__initialization                        cinit        0034F0
__end_of_abs                                    text15       00426E
__end_of_attempt_hold_block                     text22       003F48
__end_of_check_for_full_rows                    text8        00115E
__end_of_check_inputs                           text19       001A3A
__end_of_compose_frame                          text7        001C24
__end_of_current_block_is_in_illegal_position   text21       002AD6
__end_of_display_marquee_slice                  text18       00307A
__end_of_drop_block_from_sky                    text24       0013B0
__end_of_fputc                                  text13       00338E
__end_of_game_step                              text5        003FA8
__end_of_generate_garbage                       text47       003B44
__end_of_load_block_from_type                   text23       00314C
__end_of_main                                   text0        000F00
__end_of_marquee                                mediumconst  007DB1
__end_of_memmove                                text67       002816
__end_of_memset                                 text66       004238
__end_of_onReadChar                             text45       0038F8
__end_of_onReadLine                             text44       00435A
__end_of_processSerialReceive                   text41       002516
__end_of_putch                                  text14       004358
__end_of_rand                                   text26       003DA0
__end_of_reset_game                             text4        003990
__end_of_rotate_current_block                   text20       000C3A
__end_of_serialBegin                            text2        002382
__end_of_serialPrint                            text17       003AB8
__end_of_serialRead                             text43       00434A
__end_of_serialWrite                            text42       004338
__end_of_set_current_block                      text25       0035AE
__end_of_solidify_current_block                 text6        002D60
__end_of_sprintf                                text10       00417E
__end_of_srand                                  text1        00430C
__end_of_update_display                         text29       00297E
__end_of_update_score                           text9        003C46
__end_of_vfpfcnvrt                              text12       001E0E
__end_of_vfprintf                               text11       00413A
__end_ofi1___awdiv                              text64       0032D2
__end_ofi1___awmod                              text63       0037BA
__end_ofi1___lmul                               text53       003EE2
__end_ofi1_abs                                  text62       0042A2
__end_ofi1_check_for_full_rows                  text55       001824
__end_ofi1_compose_frame                        text46       001FF8
__end_ofi1_current_block_is_in_illegal_position text54       002C2E
__end_ofi1_drop_block_from_sky                  text50       0015FE
__end_ofi1_fputc                                text60       003448
__end_ofi1_putch                                text61       00435C
__end_ofi1_rand                                 text52       003E78
__end_ofi1_reset_game                           text49       003A28
__end_ofi1_serialPrint                          text65       003BCE
__end_ofi1_set_current_block                    text51       00370C
__end_ofi1_solidify_current_block               text48       002E92
__end_ofi1_sprintf                              text57       004200
__end_ofi1_update_score                         text56       003CBC
__end_ofi1_vfpfcnvrt                            text59       0021D8
__end_ofi1_vfprintf                             text58       0041C0
__initialization                                cinit        003448
__mediumconst                                   mediumconst  0078B0
__pbssBANK0                                     bssBANK0     0000D9
__pbssBANK1                                     bssBANK1     000100
__pbssBANK2                                     bssBANK2     000200
__pbssCOMRAM                                    bssCOMRAM    00005B
__pcinit                                        cinit        003448
__pcstackBANK0                                  cstackBANK0  000080
__pcstackBANK3                                  cstackBANK3  000300
__pcstackCOMRAM                                 cstackCOMRAM 000001
__pdataBANK0                                    dataBANK0    0000E9
__pdataBANK1                                    dataBANK1    0001A0
__pdataBANK2                                    dataBANK2    0002E0
__pdataCOMRAM                                   dataCOMRAM   000072
__pidataBANK0                                   idataBANK0   00434A
__pidataBANK1                                   idataBANK1   003FA8
__pidataBANK2                                   idataBANK2   0042D0
__pidataCOMRAM                                  idataCOMRAM  004353
__pintcodelo                                    intcodelo    000018
__pmediumconst                                  mediumconst  0078B0
__ptext0                                        text0        000C3A
__ptext1                                        text1        0042F0
__ptext10                                       text10       00413A
__ptext11                                       text11       0040F4
__ptext12                                       text12       001C24
__ptext13                                       text13       0032D2
__ptext14                                       text14       004356
__ptext15                                       text15       004238
__ptext16                                       text16       00314C
__ptext17                                       text17       003A28
__ptext18                                       text18       002F9E
__ptext19                                       text19       001824
__ptext2                                        text2        0021D8
__ptext20                                       text20       0008E6
__ptext21                                       text21       00297E
__ptext22                                       text22       003EE2
__ptext23                                       text23       00307A
__ptext24                                       text24       00115E
__ptext25                                       text25       0034FE
__ptext26                                       text26       003D30
__ptext27                                       text27       0035AE
__ptext28                                       text28       000590
__ptext29                                       text29       002816
__ptext3                                        text3        002E92
__ptext30                                       text30       00430C
__ptext31                                       text31       003CBC
__ptext32                                       text32       0040AC
__ptext33                                       text33       004006
__ptext34                                       text34       00008E
__ptext35                                       text35       0037BA
__ptext36                                       text36       003DA0
__ptext37                                       text37       002516
__ptext38                                       text38       004062
__ptext39                                       text39       0042A2
__ptext4                                        text4        0038F8
__ptext41                                       text41       002382
__ptext42                                       text42       004322
__ptext43                                       text43       004338
__ptext44                                       text44       004358
__ptext45                                       text45       00385A
__ptext46                                       text46       001E0E
__ptext47                                       text47       003AB8
__ptext48                                       text48       002D60
__ptext49                                       text49       003990
__ptext5                                        text5        003F48
__ptext50                                       text50       0013B0
__ptext51                                       text51       00365E
__ptext52                                       text52       003E0C
__ptext53                                       text53       003E78
__ptext54                                       text54       002AD6
__ptext55                                       text55       0015FE
__ptext56                                       text56       003C46
__ptext57                                       text57       0041C0
__ptext58                                       text58       00417E
__ptext59                                       text59       001FF8
__ptext6                                        text6        002C2E
__ptext60                                       text60       00338E
__ptext61                                       text61       00435A
__ptext62                                       text62       00426E
__ptext63                                       text63       00370C
__ptext64                                       text64       003210
__ptext65                                       text65       003B44
__ptext66                                       text66       004200
__ptext67                                       text67       00269E
__ptext7                                        text7        001A3A
__ptext8                                        text8        000F00
__ptext9                                        text9        003BCE
__ramtop                                        ramtop       000600
__smallconst                                    mediumconst  0078B0
_abs                                            text15       004238
_alcohol_baseline_fp                            dataBANK0    0000E9
_alcohol_sample_count                           bssCOMRAM    00005B
_attempt_hold_block                             text22       003EE2
_bag                                            dataBANK1    0001A0
_bag_index                                      dataCOMRAM   000072
_block_I                                        dataBANK1    0001EE
_block_J                                        dataBANK2    0002F0
_block_L                                        dataBANK2    0002E0
_block_O                                        dataBANK1    0001DE
_block_S                                        dataBANK1    0001BE
_block_T                                        dataBANK1    0001CE
_block_Z                                        dataBANK1    0001AE
_block_location_x                               bssBANK0     0000DB
_block_location_y                               bssBANK0     0000D9
_board                                          bssBANK2     000220
_check_for_full_rows                            text8        000F00
_check_inputs                                   text19       001824
_compose_frame                                  text7        001A3A
_current_block                                  bssBANK1     000180
_current_block_is_in_illegal_position           text21       00297E
_current_block_type                             bssBANK0     0000E8
_dbuf                                           bssBANK2     000200
_display_marquee_slice                          text18       002F9E
_display_matrix                                 bssBANK1     000100
_drop_block_from_sky                            text24       00115E
_flags                                          bssCOMRAM    000067
_fputc                                          text13       0032D2
_game_mode                                      bssBANK0     0000DD
_game_speed_ticks                               dataBANK0    0000F1
_game_step                                      text5        003F48
_gap_position                                   bssCOMRAM    000063
_generate_garbage                               text47       003AB8
_has_held_block                                 bssBANK0     0000E6
_held_block_type                                bssBANK0     0000E7
_hold_used_this_turn                            bssBANK0     0000E5
_is_get_first_sample                            bssBANK0     0000E4
_load_block_from_type                           text23       00307A
_main                                           text0        000C3A
_marquee                                        mediumconst  0078B1
_memmove                                        text67       00269E
_memset                                         text66       004200
_onReadChar                                     text45       00385A
_onReadLine                                     text44       004358
_prec                                           bssCOMRAM    000061
_prev_rb0                                       bssCOMRAM    00006B
_prev_rb1                                       bssCOMRAM    00006A
_prev_rb2                                       bssCOMRAM    000069
_prev_rb3                                       bssCOMRAM    000068
_prev_rb4                                       bssBANK0     0000E3
_processSerialReceive                           text41       002382
_putch                                          text14       004356
_rand                                           text26       003D30
_reset_game                                     text4        0038F8
_rotate_current_block                           text20       0008E6
_score                                          bssCOMRAM    000065
_seed                                           bssCOMRAM    00006E
_serialBegin                                    text2        0021D8
_serialBuffer                                   bssBANK2     0002A0
_serialBufferLen                                bssCOMRAM    00006D
_serialLastChar                                 bssCOMRAM    00006C
_serialOnReadChar                               bssBANK0     0000DF
_serialOnReadLine                               bssBANK0     0000E1
_serialPrint                                    text17       003A28
_serialPrintfCache                              bssBANK1     000190
_serialRead                                     text43       004338
_serialWrite                                    text42       004322
_set_current_block                              text25       0034FE
_solidify_current_block                         text6        002C2E
_sprintf                                        text10       00413A
_srand                                          text1        0042F0
_update_display                                 text29       002816
_update_score                                   text9        003BCE
_vfpfcnvrt                                      text12       001C24
_vfprintf                                       text11       0040F4
_width                                          bssCOMRAM    00005F
abs@a                                           cstackBANK0  0000A5
attempt_hold_block@type_to_hold                 cstackBANK0  0000B0
attempt_hold_block@type_to_spawn                cstackBANK0  0000AF
btemp                                           temp         000074
check_for_full_rows@cleared                     cstackBANK3  000300
check_for_full_rows@i                           cstackBANK3  000309
check_for_full_rows@j                           cstackBANK3  000303
check_for_full_rows@j_1080                      cstackBANK3  00030B
check_for_full_rows@j_1081                      cstackBANK3  000307
check_for_full_rows@n                           cstackBANK3  000305
check_for_full_rows@row_is_full                 cstackBANK3  000302
compose_frame@c                                 cstackBANK0  00009B
compose_frame@c_1117                            cstackBANK0  00009F
compose_frame@dx                                cstackBANK0  000097
compose_frame@dy                                cstackBANK0  000095
compose_frame@r                                 cstackBANK0  000099
compose_frame@r_1116                            cstackBANK0  00009D
current_block_is_in_illegal_position@i          cstackBANK0  000095
current_block_is_in_illegal_position@j          cstackBANK0  000097
current_block_is_in_illegal_position@x          cstackBANK0  000091
current_block_is_in_illegal_position@y          cstackBANK0  000093
display_marquee_slice@c                         cstackBANK0  0000B3
display_marquee_slice@r                         cstackBANK0  0000B1
display_marquee_slice@start_col                 cstackBANK0  0000A5
drop_block_from_sky@i                           cstackBANK0  0000A9
drop_block_from_sky@i_1092                      cstackBANK0  0000AB
drop_block_from_sky@j                           cstackBANK0  0000A7
drop_block_from_sky@r                           cstackBANK0  0000AD
drop_block_from_sky@temp                        cstackBANK0  0000A5
end_of_initialization                           cinit        0034F0
fputc@c                                         cstackBANK0  00008D
fputc@fp                                        cstackBANK0  00008F
generate_garbage@line_count                     cstackCOMRAM 000057
i1___awdiv                                      text64       003210
i1___awdiv@counter                              cstackCOMRAM 000005
i1___awdiv@dividend                             cstackCOMRAM 000001
i1___awdiv@divisor                              cstackCOMRAM 000003
i1___awdiv@quotient                             cstackCOMRAM 000007
i1___awdiv@sign                                 cstackCOMRAM 000006
i1___awmod                                      text63       00370C
i1___awmod@counter                              cstackCOMRAM 000017
i1___awmod@dividend                             cstackCOMRAM 000013
i1___awmod@divisor                              cstackCOMRAM 000015
i1___awmod@sign                                 cstackCOMRAM 000018
i1___lmul                                       text53       003E78
i1___lmul@multiplicand                          cstackCOMRAM 000005
i1___lmul@multiplier                            cstackCOMRAM 000001
i1___lmul@product                               cstackCOMRAM 000009
i1_abs                                          text62       00426E
i1_check_for_full_rows                          text55       0015FE
i1_compose_frame                                text46       001E0E
i1_current_block_is_in_illegal_position         text54       002AD6
i1_drop_block_from_sky                          text50       0013B0
i1_fputc                                        text60       00338E
i1_putch                                        text61       00435A
i1_rand                                         text52       003E0C
i1_reset_game                                   text49       003990
i1_serialPrint                                  text65       003B44
i1_set_current_block                            text51       00365E
i1_solidify_current_block                       text48       002D60
i1_sprintf                                      text57       0041C0
i1_update_score                                 text56       003C46
i1_vfpfcnvrt                                    text59       001FF8
i1_vfprintf                                     text58       00417E
i1abs@a                                         cstackCOMRAM 000019
i1check_for_full_rows@cleared                   cstackCOMRAM 00004A
i1check_for_full_rows@i                         cstackCOMRAM 000053
i1check_for_full_rows@j                         cstackCOMRAM 00004D
i1check_for_full_rows@j_1080                    cstackCOMRAM 000055
i1check_for_full_rows@j_1081                    cstackCOMRAM 000051
i1check_for_full_rows@n                         cstackCOMRAM 00004F
i1check_for_full_rows@row_is_full               cstackCOMRAM 00004C
i1compose_frame@c                               cstackCOMRAM 00000F
i1compose_frame@c_1117                          cstackCOMRAM 000013
i1compose_frame@dx                              cstackCOMRAM 00000B
i1compose_frame@dy                              cstackCOMRAM 000009
i1compose_frame@r                               cstackCOMRAM 00000D
i1compose_frame@r_1116                          cstackCOMRAM 000011
i1current_block_is_in_illegal_position@i        cstackCOMRAM 000009
i1current_block_is_in_illegal_position@j        cstackCOMRAM 00000B
i1current_block_is_in_illegal_position@x        cstackCOMRAM 000005
i1current_block_is_in_illegal_position@y        cstackCOMRAM 000007
i1drop_block_from_sky@i                         cstackCOMRAM 00001D
i1drop_block_from_sky@i_1092                    cstackCOMRAM 00001F
i1drop_block_from_sky@j                         cstackCOMRAM 00001B
i1drop_block_from_sky@r                         cstackCOMRAM 000021
i1drop_block_from_sky@temp                      cstackCOMRAM 000019
i1fputc@c                                       cstackCOMRAM 000001
i1fputc@fp                                      cstackCOMRAM 000003
i1reset_game@i                                  cstackCOMRAM 00000B
i1reset_game@j                                  cstackCOMRAM 00000D
i1serialPrint@i                                 cstackCOMRAM 000005
i1serialPrint@text                              cstackCOMRAM 000001
i1set_current_block@b                           cstackCOMRAM 000001
i1set_current_block@i                           cstackCOMRAM 00000B
i1set_current_block@j                           cstackCOMRAM 00000D
i1solidify_current_block@i                      cstackCOMRAM 000009
i1solidify_current_block@j                      cstackCOMRAM 00000B
i1solidify_current_block@x                      cstackCOMRAM 000005
i1solidify_current_block@y                      cstackCOMRAM 000007
i1sprintf@ap                                    cstackCOMRAM 000036
i1sprintf@f                                     cstackCOMRAM 000037
i1sprintf@fmt                                   cstackCOMRAM 000032
i1sprintf@s                                     cstackCOMRAM 000030
i1update_score@i                                cstackCOMRAM 000005
i1update_score@n                                cstackCOMRAM 000003
i1update_score@x                                cstackCOMRAM 000001
i1vfpfcnvrt@ap                                  cstackCOMRAM 00001F
i1vfpfcnvrt@c                                   cstackCOMRAM 000029
i1vfpfcnvrt@convarg                             cstackCOMRAM 000025
i1vfpfcnvrt@cp                                  cstackCOMRAM 000023
i1vfpfcnvrt@done                                cstackCOMRAM 000022
i1vfpfcnvrt@fmt                                 cstackCOMRAM 00001E
i1vfpfcnvrt@fp                                  cstackCOMRAM 00001D
i1vfprintf@ap                                   cstackCOMRAM 00002D
i1vfprintf@cfmt                                 cstackCOMRAM 00002E
i1vfprintf@fmt                                  cstackCOMRAM 00002B
i1vfprintf@fp                                   cstackCOMRAM 00002A
int$flags                                       temp         000074
intlevel0                                       text         000000
intlevel1                                       text         000000
intlevel2                                       text         000000
intlevel3                                       text         000000
isa$std                                         (abs)        000001
isa$xinst                                       (abs)        000000
load_block_from_type@t                          cstackBANK0  00009D
main@master_pos                                 cstackBANK3  00031B
main@row                                        cstackBANK3  00031D
main@t                                          cstackBANK3  000319
main@t_1299                                     cstackBANK3  000318
memmove@c                                       cstackCOMRAM 000019
memmove@d                                       cstackCOMRAM 00001D
memmove@d1                                      cstackCOMRAM 000001
memmove@n                                       cstackCOMRAM 000005
memmove@s                                       cstackCOMRAM 00001A
memmove@s1                                      cstackCOMRAM 000003
memset@c                                        cstackCOMRAM 000003
memset@dest                                     cstackCOMRAM 000001
memset@n                                        cstackCOMRAM 000005
memset@p                                        cstackCOMRAM 000007
onReadChar@c                                    cstackCOMRAM 000059
onReadLine@len                                  cstackCOMRAM 000003
onReadLine@line                                 cstackCOMRAM 000001
processSerialReceive@c                          cstackCOMRAM 00005A
reset_game@i                                    cstackBANK0  000097
reset_game@j                                    cstackBANK0  000099
rotate_current_block@d                          cstackBANK0  000095
rotate_current_block@i                          cstackBANK0  00009F
rotate_current_block@i_1059                     cstackBANK0  0000A1
rotate_current_block@j                          cstackBANK0  00009D
rotate_current_block@j_1060                     cstackBANK0  000099
rotate_current_block@k                          cstackBANK0  00009B
rotate_current_block@temp                       cstackBANK0  000096
rotate_current_block@temp_1062                  cstackBANK0  000097
rotate_current_block@temp_1063                  cstackBANK0  000098
serialBegin@baudRate                            cstackBANK0  00009B
serialBegin@baudRateGenerator                   cstackBANK0  0000A1
serialBegin@receiveInterruptPriority            cstackBANK0  00009F
serialPrint@i                                   cstackBANK0  000091
serialPrint@text                                cstackBANK0  00008D
serialWrite@c                                   cstackCOMRAM 000001
set_current_block@b                             cstackBANK0  00008D
set_current_block@i                             cstackBANK0  000097
set_current_block@j                             cstackBANK0  000099
solidify_current_block@i                        cstackBANK0  000095
solidify_current_block@j                        cstackBANK0  000097
solidify_current_block@x                        cstackBANK0  000091
solidify_current_block@y                        cstackBANK0  000093
sprintf@ap                                      cstackBANK0  0000C2
sprintf@f                                       cstackBANK0  0000C3
sprintf@fmt                                     cstackBANK0  0000BE
sprintf@s                                       cstackBANK0  0000BC
srand@s                                         cstackBANK0  00008D
stackhi                                         (abs)        000000
stacklo                                         (abs)        000000
start                                           init         00008A
start_initialization                            cinit        003448
ttemp5                                          temp         000075
ttemp6                                          temp         000078
ttemp7                                          temp         00007C
update_display@col                              cstackBANK0  000098
update_display@col_1169                         cstackBANK0  00009A
update_display@i                                cstackBANK0  00009C
update_display@pattern_bot                      cstackBANK0  000097
update_display@pattern_top                      cstackBANK0  000096
update_score@i                                  cstackBANK0  000091
update_score@n                                  cstackBANK0  00008F
update_score@x                                  cstackBANK0  00008D
vfpfcnvrt@ap                                    cstackBANK0  0000AB
vfpfcnvrt@c                                     cstackBANK0  0000B5
vfpfcnvrt@convarg                               cstackBANK0  0000B1
vfpfcnvrt@cp                                    cstackBANK0  0000AF
vfpfcnvrt@done                                  cstackBANK0  0000AE
vfpfcnvrt@fmt                                   cstackBANK0  0000AA
vfpfcnvrt@fp                                    cstackBANK0  0000A9
vfprintf@ap                                     cstackBANK0  0000B9
vfprintf@cfmt                                   cstackBANK0  0000BA
vfprintf@fmt                                    cstackBANK0  0000B7
vfprintf@fp                                     cstackBANK0  0000B6
wtemp8                                          temp         000075


MODULE INFORMATION

Module		Function		Class		Link	Load	Size
./marquee.h
		_display_marquee_slice		CODE           	2F9E	0000	220

./marquee.h estimated size: 220

./helpers.h
		_compose_frame 		CODE           	1A3A	0000	490
		_current_block_is_in_illegal_position		CODE           	297E	0000	344
		_rotate_current_block		CODE           	08E6	0000	852
		_load_block_from_type		CODE           	307A	0000	210
		_drop_block_from_sky		CODE           	115E	0000	594
		_solidify_current_block		CODE           	2C2E	0000	306
		_check_for_full_rows		CODE           	0F00	0000	606
		_game_step     		CODE           	3F48	0000	96
		_update_score  		CODE           	3BCE	0000	120
		_set_current_block		CODE           	34FE	0000	176
		_reset_game    		CODE           	38F8	0000	152
		_generate_garbage		CODE           	3AB8	0000	140
		_attempt_hold_block		CODE           	3EE2	0000	102

./helpers.h estimated size: 4188

C:\Program Files\Microchip\xc8\v3.00\pic\sources\c99\common\abs.c
		_abs           		CODE           	4238	0000	54

C:\Program Files\Microchip\xc8\v3.00\pic\sources\c99\common\abs.c estimated size: 54

C:\Program Files\Microchip\xc8\v3.00\pic\sources\c99\common\nf_fputc.c
		_fputc         		CODE           	32D2	0000	188

C:\Program Files\Microchip\xc8\v3.00\pic\sources\c99\common\nf_fputc.c estimated size: 188

tetris.c
		_onReadChar    		CODE           	385A	0000	158
		_Lo_ISR        		CODE           	0018	0000	114
		_onReadLine    		CODE           	4358	0000	2
		_main          		CODE           	0C3A	0000	710
		_check_inputs  		CODE           	1824	0000	534

tetris.c estimated size: 1518

./alcohol.h
		_CalculateAlcoholLevel		CODE           	008E	0000	1282
		_ADC_Read      		CODE           	4062	0000	74
		_ShowAlcoholLevelOnLED		CODE           	0590	0000	854
		_ADC_Init      		CODE           	42A2	0000	46

./alcohol.h estimated size: 2256

C:\Program Files\Microchip\xc8\v3.00\pic\sources\c99\common\Umul64.c
		___omul        		CODE           	37BA	0000	160

C:\Program Files\Microchip\xc8\v3.00\pic\sources\c99\common\Umul64.c estimated size: 160

C:\Program Files\Microchip\xc8\v3.00\pic\sources\c99\common\nf_sprintf.c
		_sprintf       		CODE           	413A	0000	68

C:\Program Files\Microchip\xc8\v3.00\pic\sources\c99\common\nf_sprintf.c estimated size: 68

C:\Program Files\Microchip\xc8\v3.00\pic\sources\c99\common\rand.c
		_srand         		CODE           	42F0	0000	28
		_rand          		CODE           	3D30	0000	112

C:\Program Files\Microchip\xc8\v3.00\pic\sources\c99\common\rand.c estimated size: 140

C:\Program Files\Microchip\xc8\v3.00\pic\sources\c99\common\awmod.c
		___awmod       		CODE           	35AE	0000	176

C:\Program Files\Microchip\xc8\v3.00\pic\sources\c99\common\awmod.c estimated size: 176

C:\Program Files\Microchip\xc8\v3.00\pic\sources\c99\common\putch.c
		_putch         		CODE           	4356	0000	2

C:\Program Files\Microchip\xc8\v3.00\pic\sources\c99\common\putch.c estimated size: 2

C:\Program Files\Microchip\xc8\v3.00\pic\sources\c99\common\Umul32.c
		___lmul        		CODE           	3DA0	0000	108

C:\Program Files\Microchip\xc8\v3.00\pic\sources\c99\common\Umul32.c estimated size: 108

shared
		i1_update_score		CODE           	3C46	0000	118
		i1_vfpfcnvrt   		CODE           	1FF8	0000	480
		i1_abs         		CODE           	426E	0000	52
		i1_set_current_block		CODE           	365E	0000	174
		i1_drop_block_from_sky		CODE           	13B0	0000	590
		i1_putch       		CODE           	435A	0000	2
		i1_rand        		CODE           	3E0C	0000	108
		i1_vfprintf    		CODE           	417E	0000	66
		_marquee       		MEDIUMCONST    	78B1	0000	1280
		i1_check_for_full_rows		CODE           	15FE	0000	550
		i1___awdiv     		CODE           	3210	0000	194
		__initialization		CODE           	3448	0000	168
		i1___lmul      		CODE           	3E78	0000	106
		i1_current_block_is_in_illegal_position		CODE           	2AD6	0000	344
		i1___awmod     		CODE           	370C	0000	174
		i1_reset_game  		CODE           	3990	0000	152
		i1_sprintf     		CODE           	41C0	0000	64
		i1_compose_frame		CODE           	1E0E	0000	490
		i1_fputc       		CODE           	338E	0000	186
		i1_solidify_current_block		CODE           	2D60	0000	306
		i1_serialPrint 		CODE           	3B44	0000	138

shared estimated size: 5742

C:\Program Files\Microchip\xc8\v3.00\pic\sources\c99\common\memmove.c
		_memmove       		CODE           	269E	0000	376

C:\Program Files\Microchip\xc8\v3.00\pic\sources\c99\common\memmove.c estimated size: 376

C:\Program Files\Microchip\xc8\v3.00\pic\sources\c99\common\aodiv.c
		___aodiv       		CODE           	2516	0000	392

C:\Program Files\Microchip\xc8\v3.00\pic\sources\c99\common\aodiv.c estimated size: 392

C:\Program Files\Microchip\xc8\v3.00\pic\sources\c99\common\memset.c
		_memset        		CODE           	4200	0000	56

C:\Program Files\Microchip\xc8\v3.00\pic\sources\c99\common\memset.c estimated size: 56

./display.h
		_MAX7219_Init  		CODE           	3CBC	0000	116
		_MAX7219_Write_All		CODE           	40AC	0000	72
		_SPI_Write_Byte		CODE           	4006	0000	92
		_update_display		CODE           	2816	0000	360
		_MCU_Init      		CODE           	430C	0000	22

./display.h estimated size: 662

C:\Program Files\Microchip\xc8\v3.00\pic\sources\c99\common\awdiv.c
		___awdiv       		CODE           	314C	0000	196

C:\Program Files\Microchip\xc8\v3.00\pic\sources\c99\common\awdiv.c estimated size: 196

./lib.h
		_serialWrite   		CODE           	4322	0000	22
		_processSerialReceive		CODE           	2382	0000	404
		_serialPrint   		CODE           	3A28	0000	144
		_serialRead    		CODE           	4338	0000	18
		_serialBegin   		CODE           	21D8	0000	426

./lib.h estimated size: 1014

C:\Program Files\Microchip\xc8\v3.00\pic\sources\c99\common\aldiv.c
		___aldiv       		CODE           	2E92	0000	268

C:\Program Files\Microchip\xc8\v3.00\pic\sources\c99\common\aldiv.c estimated size: 268

C:\Program Files\Microchip\xc8\v3.00\pic\sources\c99\common\doprnt.c
		_vfpfcnvrt     		CODE           	1C24	0000	490
		_vfprintf      		CODE           	40F4	0000	70

C:\Program Files\Microchip\xc8\v3.00\pic\sources\c99\common\doprnt.c estimated size: 560

